Component: ARM Compiler 5.06 update 6 (build 750) Tool: armlink [4d35ed]

==============================================================================

Section Cross References

    gpio_led_output.o(i.SysTick_Handler) refers to gpio_led_output.o(.data) for g_systick_time_count
    gpio_led_output.o(i.main) refers to board.o(i.BOARD_ConfigMPU) for BOARD_ConfigMPU
    gpio_led_output.o(i.main) refers to pin_mux.o(i.BOARD_InitPins) for BOARD_InitPins
    gpio_led_output.o(i.main) refers to clock_config.o(i.BOARD_BootClockRUN) for BOARD_BootClockRUN
    gpio_led_output.o(i.main) refers to board.o(i.BOARD_InitDebugConsole) for BOARD_InitDebugConsole
    gpio_led_output.o(i.main) refers to fsl_debug_console.o(i.DbgConsole_Printf) for DbgConsole_Printf
    gpio_led_output.o(i.main) refers to fsl_gpio.o(i.GPIO_PinInit) for GPIO_PinInit
    gpio_led_output.o(i.main) refers to gpio_led_output.o(i.delay) for delay
    gpio_led_output.o(i.main) refers to fsl_gpio.o(i.GPIO_PinWrite) for GPIO_PinWrite
    gpio_led_output.o(i.main) refers to gpio_led_output.o(.constdata) for .constdata
    gpio_led_output.o(i.main) refers to system_mimxrt1052.o(.data) for SystemCoreClock
    gpio_led_output.o(i.main) refers to gpio_led_output.o(.data) for g_pinSet
    gpio_led_output.o(i.ms_delay) refers to gpio_led_output.o(.data) for g_systick_time_count
    pin_mux.o(i.BOARD_InitBootPins) refers to pin_mux.o(i.BOARD_InitPins) for BOARD_InitPins
    pin_mux.o(i.BOARD_InitPins) refers to pin_mux.o(i.CLOCK_EnableClock) for CLOCK_EnableClock
    pin_mux.o(i.BOARD_InitPins) refers to pin_mux.o(i.IOMUXC_SetPinMux) for IOMUXC_SetPinMux
    pin_mux.o(i.BOARD_InitPins) refers to pin_mux.o(i.IOMUXC_SetPinConfig) for IOMUXC_SetPinConfig
    pin_mux.o(i.CLOCK_EnableClock) refers to fsl_assert.o(i.__aeabi_assert) for __aeabi_assert
    board.o(i.BOARD_ConfigMPU) refers to board.o(i.SCB_DisableDCache) for SCB_DisableDCache
    board.o(i.BOARD_ConfigMPU) refers to board.o(i.SCB_EnableDCache) for SCB_EnableDCache
    board.o(i.BOARD_ConfigMPU) refers to board.o(i.SCB_EnableICache) for SCB_EnableICache
    board.o(i.BOARD_DebugConsoleSrcFreq) refers to fsl_clock.o(i.CLOCK_GetPllFreq) for CLOCK_GetPllFreq
    board.o(i.BOARD_DebugConsoleSrcFreq) refers to board.o(i.CLOCK_GetDiv) for CLOCK_GetDiv
    board.o(i.BOARD_DebugConsoleSrcFreq) refers to fsl_clock.o(.data) for g_xtalFreq
    board.o(i.BOARD_InitDebugConsole) refers to board.o(i.BOARD_DebugConsoleSrcFreq) for BOARD_DebugConsoleSrcFreq
    board.o(i.BOARD_InitDebugConsole) refers to fsl_debug_console.o(i.DbgConsole_Init) for DbgConsole_Init
    clock_config.o(i.BOARD_BootClockRUN) refers to clock_config.o(i.CLOCK_SetMux) for CLOCK_SetMux
    clock_config.o(i.BOARD_BootClockRUN) refers to fsl_clock.o(i.CLOCK_InitArmPll) for CLOCK_InitArmPll
    clock_config.o(i.BOARD_BootClockRUN) refers to fsl_clock.o(i.CLOCK_InitSysPll) for CLOCK_InitSysPll
    clock_config.o(i.BOARD_BootClockRUN) refers to clock_config.o(i.CLOCK_SetDiv) for CLOCK_SetDiv
    clock_config.o(i.BOARD_BootClockRUN) refers to fsl_clock.o(.data) for g_rtcXtalFreq
    clock_config.o(i.BOARD_BootClockRUN) refers to clock_config.o(.constdata) for armPllConfig_BOARD_BootClockRUN
    clock_config.o(i.BOARD_BootClockRUN) refers to system_mimxrt1052.o(.data) for SystemCoreClock
    clock_config.o(i.BOARD_InitBootClocks) refers to clock_config.o(i.BOARD_BootClockRUN) for BOARD_BootClockRUN
    clock_config.o(i.CLOCK_SetDiv) refers to fsl_assert.o(i.__aeabi_assert) for __aeabi_assert
    clock_config.o(i.CLOCK_SetMux) refers to fsl_assert.o(i.__aeabi_assert) for __aeabi_assert
    fsl_clock.o(i.CLOCK_EnableUsbhs0PhyPllClock) refers to fsl_clock.o(i.CLOCK_InitUsb1Pll) for CLOCK_InitUsb1Pll
    fsl_clock.o(i.CLOCK_EnableUsbhs1PhyPllClock) refers to fsl_clock.o(i.CLOCK_InitUsb2Pll) for CLOCK_InitUsb2Pll
    fsl_clock.o(i.CLOCK_GetFreq) refers to fsl_clock.o(i.CLOCK_GetPeriphClkFreq) for CLOCK_GetPeriphClkFreq
    fsl_clock.o(i.CLOCK_GetFreq) refers to fsl_clock.o(i.CLOCK_GetUsb1PfdFreq) for CLOCK_GetUsb1PfdFreq
    fsl_clock.o(i.CLOCK_GetFreq) refers to fsl_clock.o(i.CLOCK_GetSysPfdFreq) for CLOCK_GetSysPfdFreq
    fsl_clock.o(i.CLOCK_GetFreq) refers to fsl_clock.o(i.CLOCK_GetOscFreq) for CLOCK_GetOscFreq
    fsl_clock.o(i.CLOCK_GetFreq) refers to fsl_clock.o(i.CLOCK_GetPllFreq) for CLOCK_GetPllFreq
    fsl_clock.o(i.CLOCK_GetOscFreq) refers to fsl_clock.o(.data) for g_xtalFreq
    fsl_clock.o(i.CLOCK_GetPeriphClkFreq) refers to fsl_clock.o(i.CLOCK_GetPllFreq) for CLOCK_GetPllFreq
    fsl_clock.o(i.CLOCK_GetPeriphClkFreq) refers to fsl_clock.o(i.CLOCK_GetOscFreq) for CLOCK_GetOscFreq
    fsl_clock.o(i.CLOCK_GetPeriphClkFreq) refers to fsl_clock.o(i.CLOCK_GetSysPfdFreq) for CLOCK_GetSysPfdFreq
    fsl_clock.o(i.CLOCK_GetPllFreq) refers to fsl_clock.o(i.CLOCK_GetOscFreq) for CLOCK_GetOscFreq
    fsl_clock.o(i.CLOCK_GetPllFreq) refers to uldiv.o(.text) for __aeabi_uldivmod
    fsl_clock.o(i.CLOCK_GetPllFreq) refers to fsl_clock.o(.constdata) for .constdata
    fsl_clock.o(i.CLOCK_GetSysPfdFreq) refers to fsl_clock.o(i.CLOCK_GetPllFreq) for CLOCK_GetPllFreq
    fsl_clock.o(i.CLOCK_GetUsb1PfdFreq) refers to fsl_clock.o(i.CLOCK_GetPllFreq) for CLOCK_GetPllFreq
    fsl_clock.o(i.CLOCK_InitExternalClk) refers to fsl_assert.o(i.__aeabi_assert) for __aeabi_assert
    fsl_common.o(i.SDK_Free) refers to malloc2.o(i.__free$2region) for free
    fsl_common.o(i.SDK_Malloc) refers to malloc2.o(i.__malloc$2region) for malloc
    fsl_gpio.o(i.CLOCK_EnableClock) refers to fsl_assert.o(i.__aeabi_assert) for __aeabi_assert
    fsl_gpio.o(i.GPIO_GetInstance) refers to fsl_assert.o(i.__aeabi_assert) for __aeabi_assert
    fsl_gpio.o(i.GPIO_GetInstance) refers to fsl_gpio.o(.constdata) for s_gpioBases
    fsl_gpio.o(i.GPIO_PinInit) refers to fsl_gpio.o(i.GPIO_GetInstance) for GPIO_GetInstance
    fsl_gpio.o(i.GPIO_PinInit) refers to fsl_gpio.o(i.CLOCK_EnableClock) for CLOCK_EnableClock
    fsl_gpio.o(i.GPIO_PinInit) refers to fsl_gpio.o(i.GPIO_PinWrite) for GPIO_PinWrite
    fsl_gpio.o(i.GPIO_PinInit) refers to fsl_gpio.o(i.GPIO_PinSetInterruptConfig) for GPIO_PinSetInterruptConfig
    fsl_gpio.o(i.GPIO_PinInit) refers to fsl_gpio.o(.constdata) for s_gpioClock
    fsl_gpio.o(i.GPIO_PinWrite) refers to fsl_assert.o(i.__aeabi_assert) for __aeabi_assert
    fsl_lpuart.o(i.CLOCK_ControlGate) refers to fsl_assert.o(i.__aeabi_assert) for __aeabi_assert
    fsl_lpuart.o(i.LPUART1_DriverIRQHandler) refers to fsl_lpuart.o(.bss) for s_lpuartHandle
    fsl_lpuart.o(i.LPUART1_DriverIRQHandler) refers to fsl_lpuart.o(.data) for s_lpuartIsr
    fsl_lpuart.o(i.LPUART2_DriverIRQHandler) refers to fsl_lpuart.o(.bss) for s_lpuartHandle
    fsl_lpuart.o(i.LPUART2_DriverIRQHandler) refers to fsl_lpuart.o(.data) for s_lpuartIsr
    fsl_lpuart.o(i.LPUART3_DriverIRQHandler) refers to fsl_lpuart.o(.bss) for s_lpuartHandle
    fsl_lpuart.o(i.LPUART3_DriverIRQHandler) refers to fsl_lpuart.o(.data) for s_lpuartIsr
    fsl_lpuart.o(i.LPUART4_DriverIRQHandler) refers to fsl_lpuart.o(.bss) for s_lpuartHandle
    fsl_lpuart.o(i.LPUART4_DriverIRQHandler) refers to fsl_lpuart.o(.data) for s_lpuartIsr
    fsl_lpuart.o(i.LPUART5_DriverIRQHandler) refers to fsl_lpuart.o(.bss) for s_lpuartHandle
    fsl_lpuart.o(i.LPUART5_DriverIRQHandler) refers to fsl_lpuart.o(.data) for s_lpuartIsr
    fsl_lpuart.o(i.LPUART6_DriverIRQHandler) refers to fsl_lpuart.o(.bss) for s_lpuartHandle
    fsl_lpuart.o(i.LPUART6_DriverIRQHandler) refers to fsl_lpuart.o(.data) for s_lpuartIsr
    fsl_lpuart.o(i.LPUART7_DriverIRQHandler) refers to fsl_lpuart.o(.bss) for s_lpuartHandle
    fsl_lpuart.o(i.LPUART7_DriverIRQHandler) refers to fsl_lpuart.o(.data) for s_lpuartIsr
    fsl_lpuart.o(i.LPUART8_DriverIRQHandler) refers to fsl_lpuart.o(.bss) for s_lpuartHandle
    fsl_lpuart.o(i.LPUART8_DriverIRQHandler) refers to fsl_lpuart.o(.data) for s_lpuartIsr
    fsl_lpuart.o(i.LPUART_ClearStatusFlags) refers to fsl_lpuart.o(i.LPUART_GetStatusFlags) for LPUART_GetStatusFlags
    fsl_lpuart.o(i.LPUART_Deinit) refers to fsl_lpuart.o(i.LPUART_GetInstance) for LPUART_GetInstance
    fsl_lpuart.o(i.LPUART_Deinit) refers to fsl_lpuart.o(i.CLOCK_ControlGate) for CLOCK_ControlGate
    fsl_lpuart.o(i.LPUART_Deinit) refers to fsl_lpuart.o(.constdata) for s_lpuartClock
    fsl_lpuart.o(i.LPUART_GetDefaultConfig) refers to fsl_assert.o(i.__aeabi_assert) for __aeabi_assert
    fsl_lpuart.o(i.LPUART_GetInstance) refers to fsl_assert.o(i.__aeabi_assert) for __aeabi_assert
    fsl_lpuart.o(i.LPUART_GetInstance) refers to fsl_lpuart.o(.constdata) for s_lpuartBases
    fsl_lpuart.o(i.LPUART_Init) refers to fsl_assert.o(i.__aeabi_assert) for __aeabi_assert
    fsl_lpuart.o(i.LPUART_Init) refers to fsl_lpuart.o(i.LPUART_GetInstance) for LPUART_GetInstance
    fsl_lpuart.o(i.LPUART_Init) refers to fsl_lpuart.o(i.CLOCK_ControlGate) for CLOCK_ControlGate
    fsl_lpuart.o(i.LPUART_Init) refers to fsl_lpuart.o(.constdata) for s_lpuartClock
    fsl_lpuart.o(i.LPUART_ReadBlocking) refers to fsl_assert.o(i.__aeabi_assert) for __aeabi_assert
    fsl_lpuart.o(i.LPUART_ReadBlocking) refers to fsl_lpuart.o(i.LPUART_GetStatusFlags) for LPUART_GetStatusFlags
    fsl_lpuart.o(i.LPUART_ReadBlocking) refers to fsl_lpuart.o(i.LPUART_ClearStatusFlags) for LPUART_ClearStatusFlags
    fsl_lpuart.o(i.LPUART_ReadNonBlocking) refers to fsl_assert.o(i.__aeabi_assert) for __aeabi_assert
    fsl_lpuart.o(i.LPUART_SetBaudRate) refers to fsl_assert.o(i.__aeabi_assert) for __aeabi_assert
    fsl_lpuart.o(i.LPUART_TransferAbortReceive) refers to fsl_assert.o(i.__aeabi_assert) for __aeabi_assert
    fsl_lpuart.o(i.LPUART_TransferAbortReceive) refers to fsl_lpuart.o(i.LPUART_DisableInterrupts) for LPUART_DisableInterrupts
    fsl_lpuart.o(i.LPUART_TransferAbortSend) refers to fsl_assert.o(i.__aeabi_assert) for __aeabi_assert
    fsl_lpuart.o(i.LPUART_TransferAbortSend) refers to fsl_lpuart.o(i.LPUART_DisableInterrupts) for LPUART_DisableInterrupts
    fsl_lpuart.o(i.LPUART_TransferCreateHandle) refers to fsl_assert.o(i.__aeabi_assert) for __aeabi_assert
    fsl_lpuart.o(i.LPUART_TransferCreateHandle) refers to memseta.o(.text) for __aeabi_memclr4
    fsl_lpuart.o(i.LPUART_TransferCreateHandle) refers to fsl_lpuart.o(i.LPUART_GetInstance) for LPUART_GetInstance
    fsl_lpuart.o(i.LPUART_TransferCreateHandle) refers to fsl_lpuart.o(.bss) for s_lpuartHandle
    fsl_lpuart.o(i.LPUART_TransferCreateHandle) refers to fsl_lpuart.o(i.LPUART_TransferHandleIRQ) for LPUART_TransferHandleIRQ
    fsl_lpuart.o(i.LPUART_TransferCreateHandle) refers to fsl_lpuart.o(.data) for s_lpuartIsr
    fsl_lpuart.o(i.LPUART_TransferCreateHandle) refers to fsl_lpuart.o(.constdata) for s_lpuartIRQ
    fsl_lpuart.o(i.LPUART_TransferGetReceiveCount) refers to fsl_assert.o(i.__aeabi_assert) for __aeabi_assert
    fsl_lpuart.o(i.LPUART_TransferGetRxRingBufferLength) refers to fsl_assert.o(i.__aeabi_assert) for __aeabi_assert
    fsl_lpuart.o(i.LPUART_TransferGetSendCount) refers to fsl_assert.o(i.__aeabi_assert) for __aeabi_assert
    fsl_lpuart.o(i.LPUART_TransferHandleIRQ) refers to fsl_assert.o(i.__aeabi_assert) for __aeabi_assert
    fsl_lpuart.o(i.LPUART_TransferHandleIRQ) refers to fsl_lpuart.o(i.LPUART_ReadNonBlocking) for LPUART_ReadNonBlocking
    fsl_lpuart.o(i.LPUART_TransferHandleIRQ) refers to fsl_lpuart.o(i.LPUART_DisableInterrupts) for LPUART_DisableInterrupts
    fsl_lpuart.o(i.LPUART_TransferHandleIRQ) refers to fsl_lpuart.o(i.LPUART_TransferIsRxRingBufferFull) for LPUART_TransferIsRxRingBufferFull
    fsl_lpuart.o(i.LPUART_TransferHandleIRQ) refers to fsl_lpuart.o(i.LPUART_WriteNonBlocking) for LPUART_WriteNonBlocking
    fsl_lpuart.o(i.LPUART_TransferIsRxRingBufferFull) refers to fsl_assert.o(i.__aeabi_assert) for __aeabi_assert
    fsl_lpuart.o(i.LPUART_TransferIsRxRingBufferFull) refers to fsl_lpuart.o(i.LPUART_TransferGetRxRingBufferLength) for LPUART_TransferGetRxRingBufferLength
    fsl_lpuart.o(i.LPUART_TransferReceiveNonBlocking) refers to fsl_assert.o(i.__aeabi_assert) for __aeabi_assert
    fsl_lpuart.o(i.LPUART_TransferReceiveNonBlocking) refers to fsl_lpuart.o(i.LPUART_DisableInterrupts) for LPUART_DisableInterrupts
    fsl_lpuart.o(i.LPUART_TransferReceiveNonBlocking) refers to fsl_lpuart.o(i.LPUART_TransferGetRxRingBufferLength) for LPUART_TransferGetRxRingBufferLength
    fsl_lpuart.o(i.LPUART_TransferReceiveNonBlocking) refers to fsl_lpuart.o(i.LPUART_EnableInterrupts) for LPUART_EnableInterrupts
    fsl_lpuart.o(i.LPUART_TransferSendNonBlocking) refers to fsl_assert.o(i.__aeabi_assert) for __aeabi_assert
    fsl_lpuart.o(i.LPUART_TransferSendNonBlocking) refers to fsl_lpuart.o(i.LPUART_EnableInterrupts) for LPUART_EnableInterrupts
    fsl_lpuart.o(i.LPUART_TransferStartRingBuffer) refers to fsl_assert.o(i.__aeabi_assert) for __aeabi_assert
    fsl_lpuart.o(i.LPUART_TransferStartRingBuffer) refers to fsl_lpuart.o(i.LPUART_EnableInterrupts) for LPUART_EnableInterrupts
    fsl_lpuart.o(i.LPUART_TransferStopRingBuffer) refers to fsl_assert.o(i.__aeabi_assert) for __aeabi_assert
    fsl_lpuart.o(i.LPUART_TransferStopRingBuffer) refers to fsl_lpuart.o(i.LPUART_DisableInterrupts) for LPUART_DisableInterrupts
    fsl_lpuart.o(i.LPUART_WriteBlocking) refers to fsl_assert.o(i.__aeabi_assert) for __aeabi_assert
    fsl_lpuart.o(i.LPUART_WriteNonBlocking) refers to fsl_assert.o(i.__aeabi_assert) for __aeabi_assert
    system_mimxrt1052.o(i.SystemCoreClockUpdate) refers to uldiv.o(.text) for __aeabi_uldivmod
    system_mimxrt1052.o(i.SystemCoreClockUpdate) refers to system_mimxrt1052.o(.data) for SystemCoreClock
    system_mimxrt1052.o(i.SystemInit) refers to system_mimxrt1052.o(i.SCB_EnableICache) for SCB_EnableICache
    system_mimxrt1052.o(i.SystemInit) refers to system_mimxrt1052.o(i.SCB_EnableDCache) for SCB_EnableDCache
    system_mimxrt1052.o(i.SystemInit) refers to system_mimxrt1052.o(i.SystemInitHook) for SystemInitHook
    startup_mimxrt1052.o(RESET) refers to startup_mimxrt1052.o(.text) for Reset_Handler
    startup_mimxrt1052.o(RESET) refers to gpio_led_output.o(i.SysTick_Handler) for SysTick_Handler
    startup_mimxrt1052.o(.text) refers to startup_mimxrt1052.o(RESET) for __Vectors
    startup_mimxrt1052.o(.text) refers to system_mimxrt1052.o(i.SystemInit) for SystemInit
    startup_mimxrt1052.o(.text) refers to entry.o(.ARM.Collect$$$$00000000) for __main
    startup_mimxrt1052.o(.text) refers to fsl_lpuart.o(i.LPUART1_DriverIRQHandler) for LPUART1_DriverIRQHandler
    startup_mimxrt1052.o(.text) refers to fsl_lpuart.o(i.LPUART2_DriverIRQHandler) for LPUART2_DriverIRQHandler
    startup_mimxrt1052.o(.text) refers to fsl_lpuart.o(i.LPUART3_DriverIRQHandler) for LPUART3_DriverIRQHandler
    startup_mimxrt1052.o(.text) refers to fsl_lpuart.o(i.LPUART4_DriverIRQHandler) for LPUART4_DriverIRQHandler
    startup_mimxrt1052.o(.text) refers to fsl_lpuart.o(i.LPUART5_DriverIRQHandler) for LPUART5_DriverIRQHandler
    startup_mimxrt1052.o(.text) refers to fsl_lpuart.o(i.LPUART6_DriverIRQHandler) for LPUART6_DriverIRQHandler
    startup_mimxrt1052.o(.text) refers to fsl_lpuart.o(i.LPUART7_DriverIRQHandler) for LPUART7_DriverIRQHandler
    startup_mimxrt1052.o(.text) refers to fsl_lpuart.o(i.LPUART8_DriverIRQHandler) for LPUART8_DriverIRQHandler
    fsl_io.o(i.IO_Deinit) refers to fsl_lpuart.o(i.LPUART_Deinit) for LPUART_Deinit
    fsl_io.o(i.IO_Deinit) refers to fsl_io.o(.data) for s_debugConsoleIO
    fsl_io.o(i.IO_Init) refers to fsl_assert.o(i.__aeabi_assert) for __aeabi_assert
    fsl_io.o(i.IO_Init) refers to fsl_lpuart.o(i.LPUART_GetDefaultConfig) for LPUART_GetDefaultConfig
    fsl_io.o(i.IO_Init) refers to fsl_lpuart.o(i.LPUART_Init) for LPUART_Init
    fsl_io.o(i.IO_Init) refers to fsl_io.o(.data) for s_debugConsoleIO
    fsl_io.o(i.IO_Transfer) refers to fsl_lpuart.o(i.LPUART_WriteBlocking) for LPUART_WriteBlocking
    fsl_io.o(i.IO_Transfer) refers to fsl_lpuart.o(i.LPUART_ReadBlocking) for LPUART_ReadBlocking
    fsl_io.o(i.IO_Transfer) refers to fsl_io.o(.data) for s_debugConsoleIO
    fsl_io.o(i.IO_WaitIdle) refers to fsl_lpuart.o(i.LPUART_GetStatusFlags) for LPUART_GetStatusFlags
    fsl_io.o(i.IO_WaitIdle) refers to fsl_io.o(.data) for s_debugConsoleIO
    fsl_log.o(i.LOG_Deinit) refers to fsl_io.o(i.IO_Deinit) for IO_Deinit
    fsl_log.o(i.LOG_Init) refers to fsl_io.o(i.IO_Init) for IO_Init
    fsl_log.o(i.LOG_Pop) refers to fsl_io.o(i.IO_Transfer) for IO_Transfer
    fsl_log.o(i.LOG_Push) refers to fsl_assert.o(i.__aeabi_assert) for __aeabi_assert
    fsl_log.o(i.LOG_Push) refers to fsl_log.o(i.LOG_Pop) for LOG_Pop
    fsl_log.o(i.LOG_ReadCharacter) refers to fsl_assert.o(i.__aeabi_assert) for __aeabi_assert
    fsl_log.o(i.LOG_ReadCharacter) refers to fsl_log.o(i.LOG_ReadOneCharacter) for LOG_ReadOneCharacter
    fsl_log.o(i.LOG_ReadLine) refers to fsl_assert.o(i.__aeabi_assert) for __aeabi_assert
    fsl_log.o(i.LOG_ReadLine) refers to fsl_log.o(i.LOG_ReadOneCharacter) for LOG_ReadOneCharacter
    fsl_log.o(i.LOG_ReadOneCharacter) refers to fsl_io.o(i.IO_Transfer) for IO_Transfer
    fsl_log.o(i.LOG_WaitIdle) refers to fsl_io.o(i.IO_WaitIdle) for IO_WaitIdle
    fsl_str.o(i.StrFormatPrintf) refers to fsl_str.o(i.ConvertRadixNumToString) for ConvertRadixNumToString
    fsl_str.o(i.StrFormatPrintf) refers to strlen.o(.text) for strlen
    fsl_str.o(i.StrFormatScanf) refers to fsl_str.o(i.ScanIgnoreWhiteSpace) for ScanIgnoreWhiteSpace
    fsl_assert.o(i.__aeabi_assert) refers to fsl_debug_console.o(i.DbgConsole_Printf) for DbgConsole_Printf
    fsl_debug_console.o(i.DbgConsole_Deinit) refers to fsl_log.o(i.LOG_Deinit) for LOG_Deinit
    fsl_debug_console.o(i.DbgConsole_Flush) refers to fsl_log.o(i.LOG_WaitIdle) for LOG_WaitIdle
    fsl_debug_console.o(i.DbgConsole_Getchar) refers to fsl_log.o(i.LOG_ReadCharacter) for LOG_ReadCharacter
    fsl_debug_console.o(i.DbgConsole_Init) refers to fsl_assert.o(i.__aeabi_assert) for __aeabi_assert
    fsl_debug_console.o(i.DbgConsole_Init) refers to fsl_log.o(i.LOG_Init) for LOG_Init
    fsl_debug_console.o(i.DbgConsole_Printf) refers to memseta.o(.text) for __aeabi_memclr4
    fsl_debug_console.o(i.DbgConsole_Printf) refers to fsl_str.o(i.StrFormatPrintf) for StrFormatPrintf
    fsl_debug_console.o(i.DbgConsole_Printf) refers to fsl_log.o(i.LOG_Push) for LOG_Push
    fsl_debug_console.o(i.DbgConsole_Printf) refers to fsl_debug_console.o(i.DbgConsole_RelocateLog) for DbgConsole_RelocateLog
    fsl_debug_console.o(i.DbgConsole_Putchar) refers to fsl_log.o(i.LOG_Push) for LOG_Push
    fsl_debug_console.o(i.DbgConsole_RelocateLog) refers to fsl_log.o(i.LOG_Push) for LOG_Push
    fsl_debug_console.o(i.DbgConsole_Scanf) refers to memseta.o(.text) for __aeabi_memclr4
    fsl_debug_console.o(i.DbgConsole_Scanf) refers to fsl_log.o(i.LOG_ReadLine) for LOG_ReadLine
    fsl_debug_console.o(i.DbgConsole_Scanf) refers to fsl_str.o(i.StrFormatScanf) for StrFormatScanf
    fsl_debug_console.o(i.fgetc) refers to fsl_log.o(i.LOG_ReadCharacter) for LOG_ReadCharacter
    fsl_debug_console.o(i.fputc) refers to fsl_log.o(i.LOG_Push) for LOG_Push
    fsl_flexspi_nor_boot.o(.boot_hdr.ivt) refers to startup_mimxrt1052.o(RESET) for __Vectors
    fsl_flexspi_nor_boot.o(.boot_hdr.ivt) refers to evkbimxrt1050_sdram_ini_dcd.o(.boot_hdr.dcd_data) for dcd_data
    fsl_flexspi_nor_boot.o(.boot_hdr.ivt) refers to fsl_flexspi_nor_boot.o(.boot_hdr.boot_data) for boot_data
    entry.o(.ARM.Collect$$$$00000000) refers (Special) to entry10a.o(.ARM.Collect$$$$0000000D) for __rt_final_cpp
    entry.o(.ARM.Collect$$$$00000000) refers (Special) to entry11a.o(.ARM.Collect$$$$0000000F) for __rt_final_exit
    entry.o(.ARM.Collect$$$$00000000) refers (Special) to entry7b.o(.ARM.Collect$$$$00000008) for _main_clock
    entry.o(.ARM.Collect$$$$00000000) refers (Special) to entry8b.o(.ARM.Collect$$$$0000000A) for _main_cpp_init
    entry.o(.ARM.Collect$$$$00000000) refers (Special) to entry9a.o(.ARM.Collect$$$$0000000B) for _main_init
    entry.o(.ARM.Collect$$$$00000000) refers (Special) to entry5.o(.ARM.Collect$$$$00000004) for _main_scatterload
    entry.o(.ARM.Collect$$$$00000000) refers (Special) to entry4.o(.ARM.Collect$$$$00000003) for _main_stk
    uldiv.o(.text) refers to llushr.o(.text) for __aeabi_llsr
    uldiv.o(.text) refers to llshl.o(.text) for __aeabi_llsl
    malloc2.o(i.__free$2region) refers to mvars.o(.data) for __microlib_freelist
    malloc2.o(i.__malloc$2region) refers to mvars.o(.data) for __microlib_freelist_initialised
    malloc2.o(i.__malloc$2region) refers to mvars.o(.data) for __microlib_freelist
    mallocr2.o(i.__free$realloc$2region) refers to mvars.o(.data) for __microlib_freelist
    mallocr2.o(i.__malloc$realloc$2region) refers to mallocr2.o(i.internal_alloc) for internal_alloc
    mallocr2.o(i.__malloc$realloc$2region) refers to mvars.o(.data) for __microlib_freelist_initialised
    mallocr2.o(i.__malloc$realloc$2region) refers to mvars.o(.data) for __microlib_freelist
    mallocr2.o(i.__realloc$2region) refers to mallocr2.o(i.__free$realloc$2region) for __free$realloc$2region
    mallocr2.o(i.__realloc$2region) refers to mallocr2.o(i.internal_alloc) for internal_alloc
    mallocr2.o(i.__realloc$2region) refers to mallocr2.o(i.__malloc$realloc$2region) for __malloc$realloc$2region
    mallocr2.o(i.__realloc$2region) refers to mvars.o(.data) for __microlib_freelist
    mallocr2.o(i.internal_alloc) refers to memcpya.o(.text) for __aeabi_memcpy
    mallocr2.o(i.internal_alloc) refers to mvars.o(.data) for __microlib_freelist
    malloca2.o(i.__aligned_malloc$2region) refers to mvars.o(.data) for __microlib_freelist_initialised
    malloca2.o(i.__aligned_malloc$2region) refers to mvars.o(.data) for __microlib_freelist
    malloca2.o(i.__free$memalign$2region) refers to mvars.o(.data) for __microlib_freelist
    malloca2.o(i.__malloc$memalign$2region) refers to malloca2.o(i.__aligned_malloc$2region) for __aligned_malloc$2region
    mallocra2.o(i.__aligned_malloc$realloc$2region) refers to mallocra2.o(i.internal_alloc) for internal_alloc
    mallocra2.o(i.__aligned_malloc$realloc$2region) refers to mvars.o(.data) for __microlib_freelist_initialised
    mallocra2.o(i.__aligned_malloc$realloc$2region) refers to mvars.o(.data) for __microlib_freelist
    mallocra2.o(i.__free$realloc$memalign$2region) refers to mvars.o(.data) for __microlib_freelist
    mallocra2.o(i.__malloc$realloc$memalign$2region) refers to mallocra2.o(i.__aligned_malloc$realloc$2region) for __aligned_malloc$realloc$2region
    mallocra2.o(i.__realloc$memalign$2region) refers to mallocra2.o(i.__free$realloc$memalign$2region) for __free$realloc$memalign$2region
    mallocra2.o(i.__realloc$memalign$2region) refers to mallocra2.o(i.internal_alloc) for internal_alloc
    mallocra2.o(i.__realloc$memalign$2region) refers to mallocra2.o(i.__malloc$realloc$memalign$2region) for __malloc$realloc$memalign$2region
    mallocra2.o(i.__realloc$memalign$2region) refers to mvars.o(.data) for __microlib_freelist
    mallocra2.o(i.internal_alloc) refers to memcpya.o(.text) for __aeabi_memcpy
    mallocra2.o(i.internal_alloc) refers to mvars.o(.data) for __microlib_freelist
    entry4.o(.ARM.Collect$$$$00000003) refers to entry4.o(.ARM.Collect$$$$00002714) for __lit__00000000
    entry4.o(__vectab_stack_and_reset_area) refers to entry.o(.ARM.Collect$$$$00000000) for __main
    entry5.o(.ARM.Collect$$$$00000004) refers to init.o(.text) for __scatterload
    entry9a.o(.ARM.Collect$$$$0000000B) refers to gpio_led_output.o(i.main) for main
    entry9b.o(.ARM.Collect$$$$0000000C) refers to gpio_led_output.o(i.main) for main
    init.o(.text) refers to entry5.o(.ARM.Collect$$$$00000004) for __main_after_scatterload


==============================================================================

Removing Unused input sections from the image.

    Removing gpio_led_output.o(.rev16_text), (4 bytes).
    Removing gpio_led_output.o(.revsh_text), (4 bytes).
    Removing gpio_led_output.o(.rrx_text), (6 bytes).
    Removing gpio_led_output.o(i.ms_delay), (36 bytes).
    Removing pin_mux.o(.rev16_text), (4 bytes).
    Removing pin_mux.o(.revsh_text), (4 bytes).
    Removing pin_mux.o(.rrx_text), (6 bytes).
    Removing pin_mux.o(i.BOARD_InitBootPins), (8 bytes).
    Removing board.o(.rev16_text), (4 bytes).
    Removing board.o(.revsh_text), (4 bytes).
    Removing board.o(.rrx_text), (6 bytes).
    Removing clock_config.o(.rev16_text), (4 bytes).
    Removing clock_config.o(.revsh_text), (4 bytes).
    Removing clock_config.o(.rrx_text), (6 bytes).
    Removing clock_config.o(i.BOARD_InitBootClocks), (8 bytes).
    Removing fsl_clock.o(.rev16_text), (4 bytes).
    Removing fsl_clock.o(.revsh_text), (4 bytes).
    Removing fsl_clock.o(.rrx_text), (6 bytes).
    Removing fsl_clock.o(i.CLOCK_DeinitArmPll), (16 bytes).
    Removing fsl_clock.o(i.CLOCK_DeinitAudioPll), (16 bytes).
    Removing fsl_clock.o(i.CLOCK_DeinitEnetPll), (16 bytes).
    Removing fsl_clock.o(i.CLOCK_DeinitExternalClk), (16 bytes).
    Removing fsl_clock.o(i.CLOCK_DeinitRcOsc24M), (24 bytes).
    Removing fsl_clock.o(i.CLOCK_DeinitSysPfd), (28 bytes).
    Removing fsl_clock.o(i.CLOCK_DeinitSysPll), (16 bytes).
    Removing fsl_clock.o(i.CLOCK_DeinitUsb1Pfd), (28 bytes).
    Removing fsl_clock.o(i.CLOCK_DeinitUsb1Pll), (12 bytes).
    Removing fsl_clock.o(i.CLOCK_DeinitUsb2Pll), (12 bytes).
    Removing fsl_clock.o(i.CLOCK_DeinitVideoPll), (16 bytes).
    Removing fsl_clock.o(i.CLOCK_DisableUsbhs0PhyPllClock), (36 bytes).
    Removing fsl_clock.o(i.CLOCK_DisableUsbhs1PhyPllClock), (36 bytes).
    Removing fsl_clock.o(i.CLOCK_EnableUsbhs0Clock), (104 bytes).
    Removing fsl_clock.o(i.CLOCK_EnableUsbhs0PhyPllClock), (88 bytes).
    Removing fsl_clock.o(i.CLOCK_EnableUsbhs1Clock), (104 bytes).
    Removing fsl_clock.o(i.CLOCK_EnableUsbhs1PhyPllClock), (60 bytes).
    Removing fsl_clock.o(i.CLOCK_GetFreq), (372 bytes).
    Removing fsl_clock.o(i.CLOCK_GetPeriphClkFreq), (200 bytes).
    Removing fsl_clock.o(i.CLOCK_GetSysPfdFreq), (108 bytes).
    Removing fsl_clock.o(i.CLOCK_GetUsb1PfdFreq), (108 bytes).
    Removing fsl_clock.o(i.CLOCK_InitAudioPll), (200 bytes).
    Removing fsl_clock.o(i.CLOCK_InitEnetPll), (108 bytes).
    Removing fsl_clock.o(i.CLOCK_InitExternalClk), (152 bytes).
    Removing fsl_clock.o(i.CLOCK_InitRcOsc24M), (24 bytes).
    Removing fsl_clock.o(i.CLOCK_InitSysPfd), (60 bytes).
    Removing fsl_clock.o(i.CLOCK_InitUsb1Pfd), (56 bytes).
    Removing fsl_clock.o(i.CLOCK_InitUsb1Pll), (88 bytes).
    Removing fsl_clock.o(i.CLOCK_InitUsb2Pll), (88 bytes).
    Removing fsl_clock.o(i.CLOCK_InitVideoPll), (204 bytes).
    Removing fsl_clock.o(i.CLOCK_SwitchOsc), (24 bytes).
    Removing fsl_common.o(.rev16_text), (4 bytes).
    Removing fsl_common.o(.revsh_text), (4 bytes).
    Removing fsl_common.o(.rrx_text), (6 bytes).
    Removing fsl_common.o(i.SDK_Free), (30 bytes).
    Removing fsl_common.o(i.SDK_Malloc), (76 bytes).
    Removing fsl_gpio.o(.rev16_text), (4 bytes).
    Removing fsl_gpio.o(.revsh_text), (4 bytes).
    Removing fsl_gpio.o(.rrx_text), (6 bytes).
    Removing fsl_lpuart.o(.rev16_text), (4 bytes).
    Removing fsl_lpuart.o(.revsh_text), (4 bytes).
    Removing fsl_lpuart.o(.rrx_text), (6 bytes).
    Removing fsl_lpuart.o(i.LPUART_Deinit), (88 bytes).
    Removing fsl_lpuart.o(i.LPUART_DisableInterrupts), (44 bytes).
    Removing fsl_lpuart.o(i.LPUART_EnableInterrupts), (44 bytes).
    Removing fsl_lpuart.o(i.LPUART_GetEnabledInterrupts), (32 bytes).
    Removing fsl_lpuart.o(i.LPUART_ReadNonBlocking), (148 bytes).
    Removing fsl_lpuart.o(i.LPUART_SetBaudRate), (304 bytes).
    Removing fsl_lpuart.o(i.LPUART_TransferAbortReceive), (108 bytes).
    Removing fsl_lpuart.o(i.LPUART_TransferAbortSend), (104 bytes).
    Removing fsl_lpuart.o(i.LPUART_TransferCreateHandle), (232 bytes).
    Removing fsl_lpuart.o(i.LPUART_TransferGetReceiveCount), (132 bytes).
    Removing fsl_lpuart.o(i.LPUART_TransferGetRxRingBufferLength), (112 bytes).
    Removing fsl_lpuart.o(i.LPUART_TransferGetSendCount), (132 bytes).
    Removing fsl_lpuart.o(i.LPUART_TransferHandleErrorIRQ), (2 bytes).
    Removing fsl_lpuart.o(i.LPUART_TransferHandleIRQ), (652 bytes).
    Removing fsl_lpuart.o(i.LPUART_TransferIsRxRingBufferFull), (108 bytes).
    Removing fsl_lpuart.o(i.LPUART_TransferReceiveNonBlocking), (388 bytes).
    Removing fsl_lpuart.o(i.LPUART_TransferSendNonBlocking), (224 bytes).
    Removing fsl_lpuart.o(i.LPUART_TransferStartRingBuffer), (140 bytes).
    Removing fsl_lpuart.o(i.LPUART_TransferStopRingBuffer), (112 bytes).
    Removing fsl_lpuart.o(i.LPUART_WriteNonBlocking), (104 bytes).
    Removing system_mimxrt1052.o(.rev16_text), (4 bytes).
    Removing system_mimxrt1052.o(.revsh_text), (4 bytes).
    Removing system_mimxrt1052.o(.rrx_text), (6 bytes).
    Removing system_mimxrt1052.o(i.SystemCoreClockUpdate), (412 bytes).
    Removing fsl_io.o(.rev16_text), (4 bytes).
    Removing fsl_io.o(.revsh_text), (4 bytes).
    Removing fsl_io.o(.rrx_text), (6 bytes).
    Removing fsl_io.o(i.IO_Deinit), (56 bytes).
    Removing fsl_io.o(i.IO_WaitIdle), (44 bytes).
    Removing fsl_log.o(.rev16_text), (4 bytes).
    Removing fsl_log.o(.revsh_text), (4 bytes).
    Removing fsl_log.o(.rrx_text), (6 bytes).
    Removing fsl_log.o(i.LOG_Deinit), (8 bytes).
    Removing fsl_log.o(i.LOG_ReadCharacter), (112 bytes).
    Removing fsl_log.o(i.LOG_ReadLine), (164 bytes).
    Removing fsl_log.o(i.LOG_ReadOneCharacter), (24 bytes).
    Removing fsl_log.o(i.LOG_WaitIdle), (10 bytes).
    Removing fsl_str.o(.rev16_text), (4 bytes).
    Removing fsl_str.o(.revsh_text), (4 bytes).
    Removing fsl_str.o(.rrx_text), (6 bytes).
    Removing fsl_str.o(i.ScanIgnoreWhiteSpace), (50 bytes).
    Removing fsl_str.o(i.StrFormatScanf), (980 bytes).
    Removing fsl_assert.o(.rev16_text), (4 bytes).
    Removing fsl_assert.o(.revsh_text), (4 bytes).
    Removing fsl_assert.o(.rrx_text), (6 bytes).
    Removing fsl_debug_console.o(.rev16_text), (4 bytes).
    Removing fsl_debug_console.o(.revsh_text), (4 bytes).
    Removing fsl_debug_console.o(.rrx_text), (6 bytes).
    Removing fsl_debug_console.o(i.DbgConsole_Deinit), (10 bytes).
    Removing fsl_debug_console.o(i.DbgConsole_Flush), (8 bytes).
    Removing fsl_debug_console.o(i.DbgConsole_Getchar), (14 bytes).
    Removing fsl_debug_console.o(i.DbgConsole_Putchar), (12 bytes).
    Removing fsl_debug_console.o(i.DbgConsole_Scanf), (52 bytes).
    Removing fsl_debug_console.o(i.fgetc), (16 bytes).
    Removing fsl_debug_console.o(i.fputc), (14 bytes).
    Removing fsl_debug_console.o(.data), (8 bytes).
    Removing evkbimxrt1050_flexspi_nor_config.o(.rev16_text), (4 bytes).
    Removing evkbimxrt1050_flexspi_nor_config.o(.revsh_text), (4 bytes).
    Removing evkbimxrt1050_flexspi_nor_config.o(.rrx_text), (6 bytes).
    Removing fsl_flexspi_nor_boot.o(.rev16_text), (4 bytes).
    Removing fsl_flexspi_nor_boot.o(.revsh_text), (4 bytes).
    Removing fsl_flexspi_nor_boot.o(.rrx_text), (6 bytes).

122 unused section(s) (total 8006 bytes) removed from the image.

==============================================================================

Image Symbol Table

    Local Symbols

    Symbol Name                              Value     Ov Type        Size  Object(Section)

    ../board.c                               0x00000000   Number         0  board.o ABSOLUTE
    ../clib/microlib/division.c              0x00000000   Number         0  uldiv.o ABSOLUTE
    ../clib/microlib/init/entry.s            0x00000000   Number         0  entry7b.o ABSOLUTE
    ../clib/microlib/init/entry.s            0x00000000   Number         0  entry11b.o ABSOLUTE
    ../clib/microlib/init/entry.s            0x00000000   Number         0  entry9b.o ABSOLUTE
    ../clib/microlib/init/entry.s            0x00000000   Number         0  entry10a.o ABSOLUTE
    ../clib/microlib/init/entry.s            0x00000000   Number         0  entry9a.o ABSOLUTE
    ../clib/microlib/init/entry.s            0x00000000   Number         0  entry8b.o ABSOLUTE
    ../clib/microlib/init/entry.s            0x00000000   Number         0  entry11a.o ABSOLUTE
    ../clib/microlib/init/entry.s            0x00000000   Number         0  entry7a.o ABSOLUTE
    ../clib/microlib/init/entry.s            0x00000000   Number         0  entry5.o ABSOLUTE
    ../clib/microlib/init/entry.s            0x00000000   Number         0  entry.o ABSOLUTE
    ../clib/microlib/init/entry.s            0x00000000   Number         0  entry4.o ABSOLUTE
    ../clib/microlib/init/entry.s            0x00000000   Number         0  entry10b.o ABSOLUTE
    ../clib/microlib/init/entry.s            0x00000000   Number         0  entry8a.o ABSOLUTE
    ../clib/microlib/longlong.c              0x00000000   Number         0  llshl.o ABSOLUTE
    ../clib/microlib/longlong.c              0x00000000   Number         0  llushr.o ABSOLUTE
    ../clib/microlib/malloc/malloc.c         0x00000000   Number         0  mallocra2.o ABSOLUTE
    ../clib/microlib/malloc/malloc.c         0x00000000   Number         0  malloc2.o ABSOLUTE
    ../clib/microlib/malloc/malloc.c         0x00000000   Number         0  mallocr2.o ABSOLUTE
    ../clib/microlib/malloc/malloc.c         0x00000000   Number         0  malloca2.o ABSOLUTE
    ../clib/microlib/malloc/mvars.c          0x00000000   Number         0  mvars.o ABSOLUTE
    ../clib/microlib/string/memcpy.c         0x00000000   Number         0  memcpya.o ABSOLUTE
    ../clib/microlib/string/memcpy.c         0x00000000   Number         0  memcpyb.o ABSOLUTE
    ../clib/microlib/string/memset.c         0x00000000   Number         0  memseta.o ABSOLUTE
    ../clib/microlib/string/strlen.c         0x00000000   Number         0  strlen.o ABSOLUTE
    ../clock_config.c                        0x00000000   Number         0  clock_config.o ABSOLUTE
    ../gpio_led_output.c                     0x00000000   Number         0  gpio_led_output.o ABSOLUTE
    ../pin_mux.c                             0x00000000   Number         0  pin_mux.o ABSOLUTE
    ..\..\1_lib\devices\MIMXRT1052\arm\startup_MIMXRT1052.s 0x00000000   Number         0  startup_mimxrt1052.o ABSOLUTE
    ..\..\1_lib\devices\MIMXRT1052\drivers\fsl_clock.c 0x00000000   Number         0  fsl_clock.o ABSOLUTE
    ..\..\1_lib\devices\MIMXRT1052\drivers\fsl_common.c 0x00000000   Number         0  fsl_common.o ABSOLUTE
    ..\..\1_lib\devices\MIMXRT1052\drivers\fsl_gpio.c 0x00000000   Number         0  fsl_gpio.o ABSOLUTE
    ..\..\1_lib\devices\MIMXRT1052\drivers\fsl_lpuart.c 0x00000000   Number         0  fsl_lpuart.o ABSOLUTE
    ..\..\1_lib\devices\MIMXRT1052\system_MIMXRT1052.c 0x00000000   Number         0  system_mimxrt1052.o ABSOLUTE
    ..\..\1_lib\devices\MIMXRT1052\utilities\fsl_assert.c 0x00000000   Number         0  fsl_assert.o ABSOLUTE
    ..\..\1_lib\devices\MIMXRT1052\utilities\fsl_debug_console.c 0x00000000   Number         0  fsl_debug_console.o ABSOLUTE
    ..\..\1_lib\devices\MIMXRT1052\utilities\io\fsl_io.c 0x00000000   Number         0  fsl_io.o ABSOLUTE
    ..\..\1_lib\devices\MIMXRT1052\utilities\log\fsl_log.c 0x00000000   Number         0  fsl_log.o ABSOLUTE
    ..\..\1_lib\devices\MIMXRT1052\utilities\str\fsl_str.c 0x00000000   Number         0  fsl_str.o ABSOLUTE
    ..\..\1_lib\devices\MIMXRT1052\xip\evkbimxrt1050_flexspi_nor_config.c 0x00000000   Number         0  evkbimxrt1050_flexspi_nor_config.o ABSOLUTE
    ..\..\1_lib\devices\MIMXRT1052\xip\evkbimxrt1050_sdram_ini_dcd.c 0x00000000   Number         0  evkbimxrt1050_sdram_ini_dcd.o ABSOLUTE
    ..\..\1_lib\devices\MIMXRT1052\xip\fsl_flexspi_nor_boot.c 0x00000000   Number         0  fsl_flexspi_nor_boot.o ABSOLUTE
    ..\\..\\1_lib\\devices\\MIMXRT1052\\drivers\\fsl_clock.c 0x00000000   Number         0  fsl_clock.o ABSOLUTE
    ..\\..\\1_lib\\devices\\MIMXRT1052\\drivers\\fsl_common.c 0x00000000   Number         0  fsl_common.o ABSOLUTE
    ..\\..\\1_lib\\devices\\MIMXRT1052\\drivers\\fsl_gpio.c 0x00000000   Number         0  fsl_gpio.o ABSOLUTE
    ..\\..\\1_lib\\devices\\MIMXRT1052\\drivers\\fsl_lpuart.c 0x00000000   Number         0  fsl_lpuart.o ABSOLUTE
    ..\\..\\1_lib\\devices\\MIMXRT1052\\system_MIMXRT1052.c 0x00000000   Number         0  system_mimxrt1052.o ABSOLUTE
    ..\\..\\1_lib\\devices\\MIMXRT1052\\utilities\\fsl_assert.c 0x00000000   Number         0  fsl_assert.o ABSOLUTE
    ..\\..\\1_lib\\devices\\MIMXRT1052\\utilities\\fsl_debug_console.c 0x00000000   Number         0  fsl_debug_console.o ABSOLUTE
    ..\\..\\1_lib\\devices\\MIMXRT1052\\utilities\\io\\fsl_io.c 0x00000000   Number         0  fsl_io.o ABSOLUTE
    ..\\..\\1_lib\\devices\\MIMXRT1052\\utilities\\log\\fsl_log.c 0x00000000   Number         0  fsl_log.o ABSOLUTE
    ..\\..\\1_lib\\devices\\MIMXRT1052\\utilities\\str\\fsl_str.c 0x00000000   Number         0  fsl_str.o ABSOLUTE
    ..\\..\\1_lib\\devices\\MIMXRT1052\\xip\\evkbimxrt1050_flexspi_nor_config.c 0x00000000   Number         0  evkbimxrt1050_flexspi_nor_config.o ABSOLUTE
    ..\\..\\1_lib\\devices\\MIMXRT1052\\xip\\fsl_flexspi_nor_boot.c 0x00000000   Number         0  fsl_flexspi_nor_boot.o ABSOLUTE
    ..\board.c                               0x00000000   Number         0  board.o ABSOLUTE
    ..\clock_config.c                        0x00000000   Number         0  clock_config.o ABSOLUTE
    ..\gpio_led_output.c                     0x00000000   Number         0  gpio_led_output.o ABSOLUTE
    ..\pin_mux.c                             0x00000000   Number         0  pin_mux.o ABSOLUTE
    dc.s                                     0x00000000   Number         0  dc.o ABSOLUTE
    handlers.s                               0x00000000   Number         0  handlers.o ABSOLUTE
    init.s                                   0x00000000   Number         0  init.o ABSOLUTE
    .data                                    0x20000000   Section       12  gpio_led_output.o(.data)
    .data                                    0x2000000c   Section        8  fsl_clock.o(.data)
    .data                                    0x20000014   Section        4  fsl_lpuart.o(.data)
    s_lpuartIsr                              0x20000014   Data           4  fsl_lpuart.o(.data)
    .data                                    0x20000018   Section        4  system_mimxrt1052.o(.data)
    .data                                    0x2000001c   Section        8  fsl_io.o(.data)
    s_debugConsoleIO                         0x2000001c   Data           8  fsl_io.o(.data)
    .bss                                     0x20000024   Section       36  fsl_lpuart.o(.bss)
    s_lpuartHandle                           0x20000024   Data          36  fsl_lpuart.o(.bss)
    .boot_hdr.conf                           0x60000000   Section      512  evkbimxrt1050_flexspi_nor_config.o(.boot_hdr.conf)
    .boot_hdr.ivt                            0x60001000   Section       32  fsl_flexspi_nor_boot.o(.boot_hdr.ivt)
    .boot_hdr.boot_data                      0x60001020   Section       16  fsl_flexspi_nor_boot.o(.boot_hdr.boot_data)
    .boot_hdr.dcd_data                       0x60001030   Section     1072  evkbimxrt1050_sdram_ini_dcd.o(.boot_hdr.dcd_data)
    RESET                                    0x60002000   Section     1024  startup_mimxrt1052.o(RESET)
    .ARM.Collect$$$$00000000                 0x60002400   Section        0  entry.o(.ARM.Collect$$$$00000000)
    .ARM.Collect$$$$00000003                 0x60002400   Section        4  entry4.o(.ARM.Collect$$$$00000003)
    .ARM.Collect$$$$00000004                 0x60002404   Section        4  entry5.o(.ARM.Collect$$$$00000004)
    .ARM.Collect$$$$00000008                 0x60002408   Section        0  entry7b.o(.ARM.Collect$$$$00000008)
    .ARM.Collect$$$$0000000A                 0x60002408   Section        0  entry8b.o(.ARM.Collect$$$$0000000A)
    .ARM.Collect$$$$0000000B                 0x60002408   Section        8  entry9a.o(.ARM.Collect$$$$0000000B)
    .ARM.Collect$$$$0000000D                 0x60002410   Section        0  entry10a.o(.ARM.Collect$$$$0000000D)
    .ARM.Collect$$$$0000000F                 0x60002410   Section        0  entry11a.o(.ARM.Collect$$$$0000000F)
    .ARM.Collect$$$$00002714                 0x60002410   Section        4  entry4.o(.ARM.Collect$$$$00002714)
    __lit__00000000                          0x60002410   Data           4  entry4.o(.ARM.Collect$$$$00002714)
    .text                                    0x60002414   Section      444  startup_mimxrt1052.o(.text)
    $v0                                      0x60002414   Number         0  startup_mimxrt1052.o(.text)
    .text                                    0x600025d0   Section        0  uldiv.o(.text)
    .text                                    0x60002632   Section        0  memseta.o(.text)
    .text                                    0x60002656   Section        0  strlen.o(.text)
    .text                                    0x60002664   Section        0  llshl.o(.text)
    .text                                    0x60002682   Section        0  llushr.o(.text)
    .text                                    0x600026a4   Section       36  init.o(.text)
    i.BOARD_BootClockRUN                     0x600026c8   Section        0  clock_config.o(i.BOARD_BootClockRUN)
    i.BOARD_ConfigMPU                        0x600029bc   Section        0  board.o(i.BOARD_ConfigMPU)
    i.BOARD_DebugConsoleSrcFreq              0x60002b70   Section        0  board.o(i.BOARD_DebugConsoleSrcFreq)
    i.BOARD_InitDebugConsole                 0x60002be8   Section        0  board.o(i.BOARD_InitDebugConsole)
    i.BOARD_InitPins                         0x60002c04   Section        0  pin_mux.o(i.BOARD_InitPins)
    i.CLOCK_ControlGate                      0x60002ca8   Section        0  fsl_lpuart.o(i.CLOCK_ControlGate)
    CLOCK_ControlGate                        0x60002ca9   Thumb Code    60  fsl_lpuart.o(i.CLOCK_ControlGate)
    i.CLOCK_EnableClock                      0x60002d28   Section        0  pin_mux.o(i.CLOCK_EnableClock)
    CLOCK_EnableClock                        0x60002d29   Thumb Code    68  pin_mux.o(i.CLOCK_EnableClock)
    i.CLOCK_EnableClock                      0x60002db0   Section        0  fsl_gpio.o(i.CLOCK_EnableClock)
    CLOCK_EnableClock                        0x60002db1   Thumb Code    68  fsl_gpio.o(i.CLOCK_EnableClock)
    i.CLOCK_GetDiv                           0x60002e38   Section        0  board.o(i.CLOCK_GetDiv)
    CLOCK_GetDiv                             0x60002e39   Thumb Code    28  board.o(i.CLOCK_GetDiv)
    i.CLOCK_GetOscFreq                       0x60002e58   Section        0  fsl_clock.o(i.CLOCK_GetOscFreq)
    CLOCK_GetOscFreq                         0x60002e59   Thumb Code    20  fsl_clock.o(i.CLOCK_GetOscFreq)
    i.CLOCK_GetPllFreq                       0x60002e78   Section        0  fsl_clock.o(i.CLOCK_GetPllFreq)
    i.CLOCK_InitArmPll                       0x600030a4   Section        0  fsl_clock.o(i.CLOCK_InitArmPll)
    i.CLOCK_InitSysPll                       0x600030fc   Section        0  fsl_clock.o(i.CLOCK_InitSysPll)
    i.CLOCK_SetDiv                           0x60003154   Section        0  clock_config.o(i.CLOCK_SetDiv)
    CLOCK_SetDiv                             0x60003155   Thumb Code   100  clock_config.o(i.CLOCK_SetDiv)
    i.CLOCK_SetMux                           0x60003210   Section        0  clock_config.o(i.CLOCK_SetMux)
    CLOCK_SetMux                             0x60003211   Thumb Code   100  clock_config.o(i.CLOCK_SetMux)
    i.ConvertRadixNumToString                0x600032cc   Section        0  fsl_str.o(i.ConvertRadixNumToString)
    ConvertRadixNumToString                  0x600032cd   Thumb Code   168  fsl_str.o(i.ConvertRadixNumToString)
    i.DbgConsole_Init                        0x60003374   Section        0  fsl_debug_console.o(i.DbgConsole_Init)
    i.DbgConsole_Printf                      0x6000340c   Section        0  fsl_debug_console.o(i.DbgConsole_Printf)
    i.DbgConsole_RelocateLog                 0x6000344c   Section        0  fsl_debug_console.o(i.DbgConsole_RelocateLog)
    DbgConsole_RelocateLog                   0x6000344d   Thumb Code    62  fsl_debug_console.o(i.DbgConsole_RelocateLog)
    i.GPIO_GetInstance                       0x6000348c   Section        0  fsl_gpio.o(i.GPIO_GetInstance)
    GPIO_GetInstance                         0x6000348d   Thumb Code    48  fsl_gpio.o(i.GPIO_GetInstance)
    i.GPIO_PinInit                           0x60003518   Section        0  fsl_gpio.o(i.GPIO_PinInit)
    i.GPIO_PinSetInterruptConfig             0x60003578   Section        0  fsl_gpio.o(i.GPIO_PinSetInterruptConfig)
    i.GPIO_PinWrite                          0x60003604   Section        0  fsl_gpio.o(i.GPIO_PinWrite)
    i.IOMUXC_SetPinConfig                    0x60003678   Section        0  pin_mux.o(i.IOMUXC_SetPinConfig)
    IOMUXC_SetPinConfig                      0x60003679   Thumb Code    12  pin_mux.o(i.IOMUXC_SetPinConfig)
    i.IOMUXC_SetPinMux                       0x60003684   Section        0  pin_mux.o(i.IOMUXC_SetPinMux)
    IOMUXC_SetPinMux                         0x60003685   Thumb Code    26  pin_mux.o(i.IOMUXC_SetPinMux)
    i.IO_Init                                0x600036a0   Section        0  fsl_io.o(i.IO_Init)
    i.IO_Transfer                            0x6000376c   Section        0  fsl_io.o(i.IO_Transfer)
    i.LOG_Init                               0x600037b0   Section        0  fsl_log.o(i.LOG_Init)
    i.LOG_Pop                                0x600037d4   Section        0  fsl_log.o(i.LOG_Pop)
    i.LOG_Push                               0x600037f8   Section        0  fsl_log.o(i.LOG_Push)
    i.LPUART1_DriverIRQHandler               0x6000385c   Section        0  fsl_lpuart.o(i.LPUART1_DriverIRQHandler)
    i.LPUART2_DriverIRQHandler               0x60003878   Section        0  fsl_lpuart.o(i.LPUART2_DriverIRQHandler)
    i.LPUART3_DriverIRQHandler               0x60003894   Section        0  fsl_lpuart.o(i.LPUART3_DriverIRQHandler)
    i.LPUART4_DriverIRQHandler               0x600038b0   Section        0  fsl_lpuart.o(i.LPUART4_DriverIRQHandler)
    i.LPUART5_DriverIRQHandler               0x600038cc   Section        0  fsl_lpuart.o(i.LPUART5_DriverIRQHandler)
    i.LPUART6_DriverIRQHandler               0x600038e8   Section        0  fsl_lpuart.o(i.LPUART6_DriverIRQHandler)
    i.LPUART7_DriverIRQHandler               0x60003904   Section        0  fsl_lpuart.o(i.LPUART7_DriverIRQHandler)
    i.LPUART8_DriverIRQHandler               0x60003920   Section        0  fsl_lpuart.o(i.LPUART8_DriverIRQHandler)
    i.LPUART_ClearStatusFlags                0x6000393c   Section        0  fsl_lpuart.o(i.LPUART_ClearStatusFlags)
    i.LPUART_GetDefaultConfig                0x60003994   Section        0  fsl_lpuart.o(i.LPUART_GetDefaultConfig)
    i.LPUART_GetInstance                     0x60003a0c   Section        0  fsl_lpuart.o(i.LPUART_GetInstance)
    i.LPUART_GetStatusFlags                  0x60003a9c   Section        0  fsl_lpuart.o(i.LPUART_GetStatusFlags)
    i.LPUART_Init                            0x60003aac   Section        0  fsl_lpuart.o(i.LPUART_Init)
    i.LPUART_ReadBlocking                    0x60003dac   Section        0  fsl_lpuart.o(i.LPUART_ReadBlocking)
    i.LPUART_WriteBlocking                   0x60003eb4   Section        0  fsl_lpuart.o(i.LPUART_WriteBlocking)
    i.SCB_DisableDCache                      0x60003f28   Section        0  board.o(i.SCB_DisableDCache)
    SCB_DisableDCache                        0x60003f29   Thumb Code   150  board.o(i.SCB_DisableDCache)
    i.SCB_EnableDCache                       0x60003fc8   Section        0  board.o(i.SCB_EnableDCache)
    SCB_EnableDCache                         0x60003fc9   Thumb Code   148  board.o(i.SCB_EnableDCache)
    i.SCB_EnableDCache                       0x60004064   Section        0  system_mimxrt1052.o(i.SCB_EnableDCache)
    SCB_EnableDCache                         0x60004065   Thumb Code   148  system_mimxrt1052.o(i.SCB_EnableDCache)
    i.SCB_EnableICache                       0x60004100   Section        0  board.o(i.SCB_EnableICache)
    SCB_EnableICache                         0x60004101   Thumb Code   116  board.o(i.SCB_EnableICache)
    i.SCB_EnableICache                       0x6000417c   Section        0  system_mimxrt1052.o(i.SCB_EnableICache)
    SCB_EnableICache                         0x6000417d   Thumb Code   116  system_mimxrt1052.o(i.SCB_EnableICache)
    i.StrFormatPrintf                        0x600041f8   Section        0  fsl_str.o(i.StrFormatPrintf)
    i.SysTick_Handler                        0x60004428   Section        0  gpio_led_output.o(i.SysTick_Handler)
    i.SystemInit                             0x60004438   Section        0  system_mimxrt1052.o(i.SystemInit)
    i.SystemInitHook                         0x60004504   Section        0  system_mimxrt1052.o(i.SystemInitHook)
    i.__aeabi_assert                         0x60004508   Section        0  fsl_assert.o(i.__aeabi_assert)
    i.__scatterload_copy                     0x6000454c   Section       14  handlers.o(i.__scatterload_copy)
    i.__scatterload_null                     0x6000455a   Section        2  handlers.o(i.__scatterload_null)
    i.__scatterload_zeroinit                 0x6000455c   Section       14  handlers.o(i.__scatterload_zeroinit)
    i.delay                                  0x6000456c   Section        0  gpio_led_output.o(i.delay)
    i.main                                   0x6000458c   Section        0  gpio_led_output.o(i.main)
    .constdata                               0x60004688   Section        3  gpio_led_output.o(.constdata)
    .constdata                               0x6000468c   Section       26  clock_config.o(.constdata)
    .constdata                               0x600046a8   Section       16  fsl_clock.o(.constdata)
    .constdata                               0x600046b8   Section       36  fsl_gpio.o(.constdata)
    s_gpioBases                              0x600046b8   Data          24  fsl_gpio.o(.constdata)
    s_gpioClock                              0x600046d0   Data          12  fsl_gpio.o(.constdata)
    .constdata                               0x600046dc   Section       72  fsl_lpuart.o(.constdata)
    s_lpuartBases                            0x600046dc   Data          36  fsl_lpuart.o(.constdata)
    s_lpuartIRQ                              0x60004700   Data          18  fsl_lpuart.o(.constdata)
    s_lpuartClock                            0x60004712   Data          18  fsl_lpuart.o(.constdata)

    Global Symbols

    Symbol Name                              Value     Ov Type        Size  Object(Section)

    BuildAttributes$$THM_ISAv4$E$P$D$K$B$S$7EM$VFPv5_D16$PE$PLD8$A:L22UL41UL21$X:L11$S22US41US21$IEEE1$IW$USESV6$~STKCKD$USESV7$~SHL$OSPACE$EBA8$MICROLIB$REQ8$PRES8$EABIv2 0x00000000   Number         0  anon$$obj.o ABSOLUTE
    __ARM_use_no_argv                        0x00000000   Number         0  gpio_led_output.o ABSOLUTE
    __cpp_initialize__aeabi_                  - Undefined Weak Reference
    __cxa_finalize                            - Undefined Weak Reference
    __decompress                              - Undefined Weak Reference
    _clock_init                               - Undefined Weak Reference
    _microlib_exit                            - Undefined Weak Reference
    __Vectors_Size                           0x00000400   Number         0  startup_mimxrt1052.o ABSOLUTE
    g_pinSet                                 0x20000000   Data           1  gpio_led_output.o(.data)
    g_systick_time_count                     0x20000004   Data           4  gpio_led_output.o(.data)
    g_systick_time_dest                      0x20000008   Data           4  gpio_led_output.o(.data)
    g_xtalFreq                               0x2000000c   Data           4  fsl_clock.o(.data)
    g_rtcXtalFreq                            0x20000010   Data           4  fsl_clock.o(.data)
    SystemCoreClock                          0x20000018   Data           4  system_mimxrt1052.o(.data)
    Image$$ARM_LIB_HEAP$$ZI$$Base            0x20000048   Number         0  anon$$obj.o ABSOLUTE
    Image$$ARM_LIB_HEAP$$ZI$$Limit           0x20000448   Number         0  anon$$obj.o ABSOLUTE
    Image$$ARM_LIB_STACK$$ZI$$Limit          0x20020000   Number         0  anon$$obj.o ABSOLUTE
    Image$$RW_m_config_text$$Base            0x60000000   Number         0  anon$$obj.o ABSOLUTE
    hyperflash_config                        0x60000000   Data         512  evkbimxrt1050_flexspi_nor_config.o(.boot_hdr.conf)
    image_vector_table                       0x60001000   Data          32  fsl_flexspi_nor_boot.o(.boot_hdr.ivt)
    boot_data                                0x60001020   Data          16  fsl_flexspi_nor_boot.o(.boot_hdr.boot_data)
    dcd_data                                 0x60001030   Data        1072  evkbimxrt1050_sdram_ini_dcd.o(.boot_hdr.dcd_data)
    __Vectors                                0x60002000   Data           4  startup_mimxrt1052.o(RESET)
    __Vectors_End                            0x60002400   Data           0  startup_mimxrt1052.o(RESET)
    __main                                   0x60002401   Thumb Code     0  entry.o(.ARM.Collect$$$$00000000)
    _main_stk                                0x60002401   Thumb Code     0  entry4.o(.ARM.Collect$$$$00000003)
    _main_scatterload                        0x60002405   Thumb Code     0  entry5.o(.ARM.Collect$$$$00000004)
    __main_after_scatterload                 0x60002409   Thumb Code     0  entry5.o(.ARM.Collect$$$$00000004)
    _main_clock                              0x60002409   Thumb Code     0  entry7b.o(.ARM.Collect$$$$00000008)
    _main_cpp_init                           0x60002409   Thumb Code     0  entry8b.o(.ARM.Collect$$$$0000000A)
    _main_init                               0x60002409   Thumb Code     0  entry9a.o(.ARM.Collect$$$$0000000B)
    __rt_final_cpp                           0x60002411   Thumb Code     0  entry10a.o(.ARM.Collect$$$$0000000D)
    __rt_final_exit                          0x60002411   Thumb Code     0  entry11a.o(.ARM.Collect$$$$0000000F)
    Reset_Handler                            0x60002415   Thumb Code    24  startup_mimxrt1052.o(.text)
    NMI_Handler                              0x6000242d   Thumb Code     2  startup_mimxrt1052.o(.text)
    HardFault_Handler                        0x6000242f   Thumb Code     2  startup_mimxrt1052.o(.text)
    MemManage_Handler                        0x60002431   Thumb Code     2  startup_mimxrt1052.o(.text)
    BusFault_Handler                         0x60002433   Thumb Code     2  startup_mimxrt1052.o(.text)
    UsageFault_Handler                       0x60002435   Thumb Code     2  startup_mimxrt1052.o(.text)
    SVC_Handler                              0x60002437   Thumb Code     2  startup_mimxrt1052.o(.text)
    DebugMon_Handler                         0x60002439   Thumb Code     2  startup_mimxrt1052.o(.text)
    PendSV_Handler                           0x6000243b   Thumb Code     2  startup_mimxrt1052.o(.text)
    DMA0_DMA16_IRQHandler                    0x6000243f   Thumb Code     4  startup_mimxrt1052.o(.text)
    DMA1_DMA17_IRQHandler                    0x60002443   Thumb Code     4  startup_mimxrt1052.o(.text)
    DMA2_DMA18_IRQHandler                    0x60002447   Thumb Code     4  startup_mimxrt1052.o(.text)
    DMA3_DMA19_IRQHandler                    0x6000244b   Thumb Code     4  startup_mimxrt1052.o(.text)
    DMA4_DMA20_IRQHandler                    0x6000244f   Thumb Code     4  startup_mimxrt1052.o(.text)
    DMA5_DMA21_IRQHandler                    0x60002453   Thumb Code     4  startup_mimxrt1052.o(.text)
    DMA6_DMA22_IRQHandler                    0x60002457   Thumb Code     4  startup_mimxrt1052.o(.text)
    DMA7_DMA23_IRQHandler                    0x6000245b   Thumb Code     4  startup_mimxrt1052.o(.text)
    DMA8_DMA24_IRQHandler                    0x6000245f   Thumb Code     4  startup_mimxrt1052.o(.text)
    DMA9_DMA25_IRQHandler                    0x60002463   Thumb Code     4  startup_mimxrt1052.o(.text)
    DMA10_DMA26_IRQHandler                   0x60002467   Thumb Code     4  startup_mimxrt1052.o(.text)
    DMA11_DMA27_IRQHandler                   0x6000246b   Thumb Code     4  startup_mimxrt1052.o(.text)
    DMA12_DMA28_IRQHandler                   0x6000246f   Thumb Code     4  startup_mimxrt1052.o(.text)
    DMA13_DMA29_IRQHandler                   0x60002473   Thumb Code     4  startup_mimxrt1052.o(.text)
    DMA14_DMA30_IRQHandler                   0x60002477   Thumb Code     4  startup_mimxrt1052.o(.text)
    DMA15_DMA31_IRQHandler                   0x6000247b   Thumb Code     4  startup_mimxrt1052.o(.text)
    DMA_ERROR_IRQHandler                     0x6000247f   Thumb Code     4  startup_mimxrt1052.o(.text)
    LPUART1_IRQHandler                       0x60002483   Thumb Code     4  startup_mimxrt1052.o(.text)
    LPUART2_IRQHandler                       0x60002487   Thumb Code     4  startup_mimxrt1052.o(.text)
    LPUART3_IRQHandler                       0x6000248b   Thumb Code     4  startup_mimxrt1052.o(.text)
    LPUART4_IRQHandler                       0x6000248f   Thumb Code     4  startup_mimxrt1052.o(.text)
    LPUART5_IRQHandler                       0x60002493   Thumb Code     4  startup_mimxrt1052.o(.text)
    LPUART6_IRQHandler                       0x60002497   Thumb Code     4  startup_mimxrt1052.o(.text)
    LPUART7_IRQHandler                       0x6000249b   Thumb Code     4  startup_mimxrt1052.o(.text)
    LPUART8_IRQHandler                       0x6000249f   Thumb Code     4  startup_mimxrt1052.o(.text)
    LPI2C1_IRQHandler                        0x600024a3   Thumb Code     4  startup_mimxrt1052.o(.text)
    LPI2C2_IRQHandler                        0x600024a7   Thumb Code     4  startup_mimxrt1052.o(.text)
    LPI2C3_IRQHandler                        0x600024ab   Thumb Code     4  startup_mimxrt1052.o(.text)
    LPI2C4_IRQHandler                        0x600024af   Thumb Code     4  startup_mimxrt1052.o(.text)
    LPSPI1_IRQHandler                        0x600024b3   Thumb Code     4  startup_mimxrt1052.o(.text)
    LPSPI2_IRQHandler                        0x600024b7   Thumb Code     4  startup_mimxrt1052.o(.text)
    LPSPI3_IRQHandler                        0x600024bb   Thumb Code     4  startup_mimxrt1052.o(.text)
    LPSPI4_IRQHandler                        0x600024bf   Thumb Code     4  startup_mimxrt1052.o(.text)
    CAN1_IRQHandler                          0x600024c3   Thumb Code     4  startup_mimxrt1052.o(.text)
    CAN2_IRQHandler                          0x600024c7   Thumb Code     4  startup_mimxrt1052.o(.text)
    SAI1_IRQHandler                          0x600024cb   Thumb Code     4  startup_mimxrt1052.o(.text)
    SAI2_IRQHandler                          0x600024cf   Thumb Code     4  startup_mimxrt1052.o(.text)
    SAI3_RX_IRQHandler                       0x600024d3   Thumb Code     4  startup_mimxrt1052.o(.text)
    SAI3_TX_IRQHandler                       0x600024d7   Thumb Code     4  startup_mimxrt1052.o(.text)
    SPDIF_IRQHandler                         0x600024db   Thumb Code     4  startup_mimxrt1052.o(.text)
    FLEXIO1_IRQHandler                       0x600024df   Thumb Code     4  startup_mimxrt1052.o(.text)
    FLEXIO2_IRQHandler                       0x600024e3   Thumb Code     4  startup_mimxrt1052.o(.text)
    FLEXSPI_IRQHandler                       0x600024e7   Thumb Code     4  startup_mimxrt1052.o(.text)
    USDHC1_IRQHandler                        0x600024eb   Thumb Code     4  startup_mimxrt1052.o(.text)
    USDHC2_IRQHandler                        0x600024ef   Thumb Code     4  startup_mimxrt1052.o(.text)
    ENET_IRQHandler                          0x600024f3   Thumb Code     4  startup_mimxrt1052.o(.text)
    ENET_1588_Timer_IRQHandler               0x600024f7   Thumb Code     4  startup_mimxrt1052.o(.text)
    ACMP1_IRQHandler                         0x600024fb   Thumb Code     0  startup_mimxrt1052.o(.text)
    ACMP2_IRQHandler                         0x600024fb   Thumb Code     0  startup_mimxrt1052.o(.text)
    ACMP3_IRQHandler                         0x600024fb   Thumb Code     0  startup_mimxrt1052.o(.text)
    ACMP4_IRQHandler                         0x600024fb   Thumb Code     0  startup_mimxrt1052.o(.text)
    ADC1_IRQHandler                          0x600024fb   Thumb Code     0  startup_mimxrt1052.o(.text)
    ADC2_IRQHandler                          0x600024fb   Thumb Code     0  startup_mimxrt1052.o(.text)
    ADC_ETC_ERROR_IRQ_IRQHandler             0x600024fb   Thumb Code     0  startup_mimxrt1052.o(.text)
    ADC_ETC_IRQ0_IRQHandler                  0x600024fb   Thumb Code     0  startup_mimxrt1052.o(.text)
    ADC_ETC_IRQ1_IRQHandler                  0x600024fb   Thumb Code     0  startup_mimxrt1052.o(.text)
    ADC_ETC_IRQ2_IRQHandler                  0x600024fb   Thumb Code     0  startup_mimxrt1052.o(.text)
    ANATOP_EVENT0_IRQHandler                 0x600024fb   Thumb Code     0  startup_mimxrt1052.o(.text)
    ANATOP_EVENT1_IRQHandler                 0x600024fb   Thumb Code     0  startup_mimxrt1052.o(.text)
    ANATOP_TAMP_LOW_HIGH_IRQHandler          0x600024fb   Thumb Code     0  startup_mimxrt1052.o(.text)
    ANATOP_TEMP_PANIC_IRQHandler             0x600024fb   Thumb Code     0  startup_mimxrt1052.o(.text)
    BEE_IRQHandler                           0x600024fb   Thumb Code     0  startup_mimxrt1052.o(.text)
    CAN1_DriverIRQHandler                    0x600024fb   Thumb Code     0  startup_mimxrt1052.o(.text)
    CAN2_DriverIRQHandler                    0x600024fb   Thumb Code     0  startup_mimxrt1052.o(.text)
    CCM_1_IRQHandler                         0x600024fb   Thumb Code     0  startup_mimxrt1052.o(.text)
    CCM_2_IRQHandler                         0x600024fb   Thumb Code     0  startup_mimxrt1052.o(.text)
    CORE_IRQHandler                          0x600024fb   Thumb Code     0  startup_mimxrt1052.o(.text)
    CSI_IRQHandler                           0x600024fb   Thumb Code     0  startup_mimxrt1052.o(.text)
    CSU_IRQHandler                           0x600024fb   Thumb Code     0  startup_mimxrt1052.o(.text)
    CTI0_ERROR_IRQHandler                    0x600024fb   Thumb Code     0  startup_mimxrt1052.o(.text)
    CTI1_ERROR_IRQHandler                    0x600024fb   Thumb Code     0  startup_mimxrt1052.o(.text)
    DCDC_IRQHandler                          0x600024fb   Thumb Code     0  startup_mimxrt1052.o(.text)
    DCP_IRQHandler                           0x600024fb   Thumb Code     0  startup_mimxrt1052.o(.text)
    DCP_VMI_IRQHandler                       0x600024fb   Thumb Code     0  startup_mimxrt1052.o(.text)
    DMA0_DMA16_DriverIRQHandler              0x600024fb   Thumb Code     0  startup_mimxrt1052.o(.text)
    DMA10_DMA26_DriverIRQHandler             0x600024fb   Thumb Code     0  startup_mimxrt1052.o(.text)
    DMA11_DMA27_DriverIRQHandler             0x600024fb   Thumb Code     0  startup_mimxrt1052.o(.text)
    DMA12_DMA28_DriverIRQHandler             0x600024fb   Thumb Code     0  startup_mimxrt1052.o(.text)
    DMA13_DMA29_DriverIRQHandler             0x600024fb   Thumb Code     0  startup_mimxrt1052.o(.text)
    DMA14_DMA30_DriverIRQHandler             0x600024fb   Thumb Code     0  startup_mimxrt1052.o(.text)
    DMA15_DMA31_DriverIRQHandler             0x600024fb   Thumb Code     0  startup_mimxrt1052.o(.text)
    DMA1_DMA17_DriverIRQHandler              0x600024fb   Thumb Code     0  startup_mimxrt1052.o(.text)
    DMA2_DMA18_DriverIRQHandler              0x600024fb   Thumb Code     0  startup_mimxrt1052.o(.text)
    DMA3_DMA19_DriverIRQHandler              0x600024fb   Thumb Code     0  startup_mimxrt1052.o(.text)
    DMA4_DMA20_DriverIRQHandler              0x600024fb   Thumb Code     0  startup_mimxrt1052.o(.text)
    DMA5_DMA21_DriverIRQHandler              0x600024fb   Thumb Code     0  startup_mimxrt1052.o(.text)
    DMA6_DMA22_DriverIRQHandler              0x600024fb   Thumb Code     0  startup_mimxrt1052.o(.text)
    DMA7_DMA23_DriverIRQHandler              0x600024fb   Thumb Code     0  startup_mimxrt1052.o(.text)
    DMA8_DMA24_DriverIRQHandler              0x600024fb   Thumb Code     0  startup_mimxrt1052.o(.text)
    DMA9_DMA25_DriverIRQHandler              0x600024fb   Thumb Code     0  startup_mimxrt1052.o(.text)
    DMA_ERROR_DriverIRQHandler               0x600024fb   Thumb Code     0  startup_mimxrt1052.o(.text)
    DefaultISR                               0x600024fb   Thumb Code     0  startup_mimxrt1052.o(.text)
    ENC1_IRQHandler                          0x600024fb   Thumb Code     0  startup_mimxrt1052.o(.text)
    ENC2_IRQHandler                          0x600024fb   Thumb Code     0  startup_mimxrt1052.o(.text)
    ENC3_IRQHandler                          0x600024fb   Thumb Code     0  startup_mimxrt1052.o(.text)
    ENC4_IRQHandler                          0x600024fb   Thumb Code     0  startup_mimxrt1052.o(.text)
    ENET_1588_Timer_DriverIRQHandler         0x600024fb   Thumb Code     0  startup_mimxrt1052.o(.text)
    ENET_DriverIRQHandler                    0x600024fb   Thumb Code     0  startup_mimxrt1052.o(.text)
    EWM_IRQHandler                           0x600024fb   Thumb Code     0  startup_mimxrt1052.o(.text)
    FLEXIO1_DriverIRQHandler                 0x600024fb   Thumb Code     0  startup_mimxrt1052.o(.text)
    FLEXIO2_DriverIRQHandler                 0x600024fb   Thumb Code     0  startup_mimxrt1052.o(.text)
    FLEXRAM_IRQHandler                       0x600024fb   Thumb Code     0  startup_mimxrt1052.o(.text)
    FLEXSPI_DriverIRQHandler                 0x600024fb   Thumb Code     0  startup_mimxrt1052.o(.text)
    GPC_IRQHandler                           0x600024fb   Thumb Code     0  startup_mimxrt1052.o(.text)
    GPIO1_Combined_0_15_IRQHandler           0x600024fb   Thumb Code     0  startup_mimxrt1052.o(.text)
    GPIO1_Combined_16_31_IRQHandler          0x600024fb   Thumb Code     0  startup_mimxrt1052.o(.text)
    GPIO1_INT0_IRQHandler                    0x600024fb   Thumb Code     0  startup_mimxrt1052.o(.text)
    GPIO1_INT1_IRQHandler                    0x600024fb   Thumb Code     0  startup_mimxrt1052.o(.text)
    GPIO1_INT2_IRQHandler                    0x600024fb   Thumb Code     0  startup_mimxrt1052.o(.text)
    GPIO1_INT3_IRQHandler                    0x600024fb   Thumb Code     0  startup_mimxrt1052.o(.text)
    GPIO1_INT4_IRQHandler                    0x600024fb   Thumb Code     0  startup_mimxrt1052.o(.text)
    GPIO1_INT5_IRQHandler                    0x600024fb   Thumb Code     0  startup_mimxrt1052.o(.text)
    GPIO1_INT6_IRQHandler                    0x600024fb   Thumb Code     0  startup_mimxrt1052.o(.text)
    GPIO1_INT7_IRQHandler                    0x600024fb   Thumb Code     0  startup_mimxrt1052.o(.text)
    GPIO2_Combined_0_15_IRQHandler           0x600024fb   Thumb Code     0  startup_mimxrt1052.o(.text)
    GPIO2_Combined_16_31_IRQHandler          0x600024fb   Thumb Code     0  startup_mimxrt1052.o(.text)
    GPIO3_Combined_0_15_IRQHandler           0x600024fb   Thumb Code     0  startup_mimxrt1052.o(.text)
    GPIO3_Combined_16_31_IRQHandler          0x600024fb   Thumb Code     0  startup_mimxrt1052.o(.text)
    GPIO4_Combined_0_15_IRQHandler           0x600024fb   Thumb Code     0  startup_mimxrt1052.o(.text)
    GPIO4_Combined_16_31_IRQHandler          0x600024fb   Thumb Code     0  startup_mimxrt1052.o(.text)
    GPIO5_Combined_0_15_IRQHandler           0x600024fb   Thumb Code     0  startup_mimxrt1052.o(.text)
    GPIO5_Combined_16_31_IRQHandler          0x600024fb   Thumb Code     0  startup_mimxrt1052.o(.text)
    GPR_IRQ_IRQHandler                       0x600024fb   Thumb Code     0  startup_mimxrt1052.o(.text)
    GPT1_IRQHandler                          0x600024fb   Thumb Code     0  startup_mimxrt1052.o(.text)
    GPT2_IRQHandler                          0x600024fb   Thumb Code     0  startup_mimxrt1052.o(.text)
    KPP_IRQHandler                           0x600024fb   Thumb Code     0  startup_mimxrt1052.o(.text)
    LCDIF_IRQHandler                         0x600024fb   Thumb Code     0  startup_mimxrt1052.o(.text)
    LPI2C1_DriverIRQHandler                  0x600024fb   Thumb Code     0  startup_mimxrt1052.o(.text)
    LPI2C2_DriverIRQHandler                  0x600024fb   Thumb Code     0  startup_mimxrt1052.o(.text)
    LPI2C3_DriverIRQHandler                  0x600024fb   Thumb Code     0  startup_mimxrt1052.o(.text)
    LPI2C4_DriverIRQHandler                  0x600024fb   Thumb Code     0  startup_mimxrt1052.o(.text)
    LPSPI1_DriverIRQHandler                  0x600024fb   Thumb Code     0  startup_mimxrt1052.o(.text)
    LPSPI2_DriverIRQHandler                  0x600024fb   Thumb Code     0  startup_mimxrt1052.o(.text)
    LPSPI3_DriverIRQHandler                  0x600024fb   Thumb Code     0  startup_mimxrt1052.o(.text)
    LPSPI4_DriverIRQHandler                  0x600024fb   Thumb Code     0  startup_mimxrt1052.o(.text)
    NMI_WAKEUP_IRQHandler                    0x600024fb   Thumb Code     0  startup_mimxrt1052.o(.text)
    PIT_IRQHandler                           0x600024fb   Thumb Code     0  startup_mimxrt1052.o(.text)
    PWM1_0_IRQHandler                        0x600024fb   Thumb Code     0  startup_mimxrt1052.o(.text)
    PWM1_1_IRQHandler                        0x600024fb   Thumb Code     0  startup_mimxrt1052.o(.text)
    PWM1_2_IRQHandler                        0x600024fb   Thumb Code     0  startup_mimxrt1052.o(.text)
    PWM1_3_IRQHandler                        0x600024fb   Thumb Code     0  startup_mimxrt1052.o(.text)
    PWM1_FAULT_IRQHandler                    0x600024fb   Thumb Code     0  startup_mimxrt1052.o(.text)
    PWM2_0_IRQHandler                        0x600024fb   Thumb Code     0  startup_mimxrt1052.o(.text)
    PWM2_1_IRQHandler                        0x600024fb   Thumb Code     0  startup_mimxrt1052.o(.text)
    PWM2_2_IRQHandler                        0x600024fb   Thumb Code     0  startup_mimxrt1052.o(.text)
    PWM2_3_IRQHandler                        0x600024fb   Thumb Code     0  startup_mimxrt1052.o(.text)
    PWM2_FAULT_IRQHandler                    0x600024fb   Thumb Code     0  startup_mimxrt1052.o(.text)
    PWM3_0_IRQHandler                        0x600024fb   Thumb Code     0  startup_mimxrt1052.o(.text)
    PWM3_1_IRQHandler                        0x600024fb   Thumb Code     0  startup_mimxrt1052.o(.text)
    PWM3_2_IRQHandler                        0x600024fb   Thumb Code     0  startup_mimxrt1052.o(.text)
    PWM3_3_IRQHandler                        0x600024fb   Thumb Code     0  startup_mimxrt1052.o(.text)
    PWM3_FAULT_IRQHandler                    0x600024fb   Thumb Code     0  startup_mimxrt1052.o(.text)
    PWM4_0_IRQHandler                        0x600024fb   Thumb Code     0  startup_mimxrt1052.o(.text)
    PWM4_1_IRQHandler                        0x600024fb   Thumb Code     0  startup_mimxrt1052.o(.text)
    PWM4_2_IRQHandler                        0x600024fb   Thumb Code     0  startup_mimxrt1052.o(.text)
    PWM4_3_IRQHandler                        0x600024fb   Thumb Code     0  startup_mimxrt1052.o(.text)
    PWM4_FAULT_IRQHandler                    0x600024fb   Thumb Code     0  startup_mimxrt1052.o(.text)
    PXP_IRQHandler                           0x600024fb   Thumb Code     0  startup_mimxrt1052.o(.text)
    RTWDOG_IRQHandler                        0x600024fb   Thumb Code     0  startup_mimxrt1052.o(.text)
    Reserved115_IRQHandler                   0x600024fb   Thumb Code     0  startup_mimxrt1052.o(.text)
    Reserved123_IRQHandler                   0x600024fb   Thumb Code     0  startup_mimxrt1052.o(.text)
    Reserved143_IRQHandler                   0x600024fb   Thumb Code     0  startup_mimxrt1052.o(.text)
    Reserved144_IRQHandler                   0x600024fb   Thumb Code     0  startup_mimxrt1052.o(.text)
    Reserved168_IRQHandler                   0x600024fb   Thumb Code     0  startup_mimxrt1052.o(.text)
    Reserved169_IRQHandler                   0x600024fb   Thumb Code     0  startup_mimxrt1052.o(.text)
    Reserved170_IRQHandler                   0x600024fb   Thumb Code     0  startup_mimxrt1052.o(.text)
    Reserved171_IRQHandler                   0x600024fb   Thumb Code     0  startup_mimxrt1052.o(.text)
    Reserved172_IRQHandler                   0x600024fb   Thumb Code     0  startup_mimxrt1052.o(.text)
    Reserved173_IRQHandler                   0x600024fb   Thumb Code     0  startup_mimxrt1052.o(.text)
    Reserved68_IRQHandler                    0x600024fb   Thumb Code     0  startup_mimxrt1052.o(.text)
    Reserved86_IRQHandler                    0x600024fb   Thumb Code     0  startup_mimxrt1052.o(.text)
    Reserved87_IRQHandler                    0x600024fb   Thumb Code     0  startup_mimxrt1052.o(.text)
    SAI1_DriverIRQHandler                    0x600024fb   Thumb Code     0  startup_mimxrt1052.o(.text)
    SAI2_DriverIRQHandler                    0x600024fb   Thumb Code     0  startup_mimxrt1052.o(.text)
    SAI3_RX_DriverIRQHandler                 0x600024fb   Thumb Code     0  startup_mimxrt1052.o(.text)
    SAI3_TX_DriverIRQHandler                 0x600024fb   Thumb Code     0  startup_mimxrt1052.o(.text)
    SEMC_IRQHandler                          0x600024fb   Thumb Code     0  startup_mimxrt1052.o(.text)
    SJC_ARM_DEBUG_IRQHandler                 0x600024fb   Thumb Code     0  startup_mimxrt1052.o(.text)
    SJC_IRQHandler                           0x600024fb   Thumb Code     0  startup_mimxrt1052.o(.text)
    SNVS_HP_WRAPPER_IRQHandler               0x600024fb   Thumb Code     0  startup_mimxrt1052.o(.text)
    SNVS_HP_WRAPPER_TZ_IRQHandler            0x600024fb   Thumb Code     0  startup_mimxrt1052.o(.text)
    SNVS_LP_WRAPPER_IRQHandler               0x600024fb   Thumb Code     0  startup_mimxrt1052.o(.text)
    SPDIF_DriverIRQHandler                   0x600024fb   Thumb Code     0  startup_mimxrt1052.o(.text)
    SRC_IRQHandler                           0x600024fb   Thumb Code     0  startup_mimxrt1052.o(.text)
    TMR1_IRQHandler                          0x600024fb   Thumb Code     0  startup_mimxrt1052.o(.text)
    TMR2_IRQHandler                          0x600024fb   Thumb Code     0  startup_mimxrt1052.o(.text)
    TMR3_IRQHandler                          0x600024fb   Thumb Code     0  startup_mimxrt1052.o(.text)
    TMR4_IRQHandler                          0x600024fb   Thumb Code     0  startup_mimxrt1052.o(.text)
    TRNG_IRQHandler                          0x600024fb   Thumb Code     0  startup_mimxrt1052.o(.text)
    TSC_DIG_IRQHandler                       0x600024fb   Thumb Code     0  startup_mimxrt1052.o(.text)
    USB_OTG1_IRQHandler                      0x600024fb   Thumb Code     0  startup_mimxrt1052.o(.text)
    USB_OTG2_IRQHandler                      0x600024fb   Thumb Code     0  startup_mimxrt1052.o(.text)
    USB_PHY1_IRQHandler                      0x600024fb   Thumb Code     0  startup_mimxrt1052.o(.text)
    USB_PHY2_IRQHandler                      0x600024fb   Thumb Code     0  startup_mimxrt1052.o(.text)
    USDHC1_DriverIRQHandler                  0x600024fb   Thumb Code     0  startup_mimxrt1052.o(.text)
    USDHC2_DriverIRQHandler                  0x600024fb   Thumb Code     0  startup_mimxrt1052.o(.text)
    WDOG1_IRQHandler                         0x600024fb   Thumb Code     0  startup_mimxrt1052.o(.text)
    WDOG2_IRQHandler                         0x600024fb   Thumb Code     0  startup_mimxrt1052.o(.text)
    XBAR1_IRQ_0_1_IRQHandler                 0x600024fb   Thumb Code     0  startup_mimxrt1052.o(.text)
    XBAR1_IRQ_2_3_IRQHandler                 0x600024fb   Thumb Code     0  startup_mimxrt1052.o(.text)
    __aeabi_uldivmod                         0x600025d1   Thumb Code    98  uldiv.o(.text)
    __aeabi_memset                           0x60002633   Thumb Code    14  memseta.o(.text)
    __aeabi_memset4                          0x60002633   Thumb Code     0  memseta.o(.text)
    __aeabi_memset8                          0x60002633   Thumb Code     0  memseta.o(.text)
    __aeabi_memclr                           0x60002641   Thumb Code     4  memseta.o(.text)
    __aeabi_memclr4                          0x60002641   Thumb Code     0  memseta.o(.text)
    __aeabi_memclr8                          0x60002641   Thumb Code     0  memseta.o(.text)
    _memset$wrapper                          0x60002645   Thumb Code    18  memseta.o(.text)
    strlen                                   0x60002657   Thumb Code    14  strlen.o(.text)
    __aeabi_llsl                             0x60002665   Thumb Code    30  llshl.o(.text)
    _ll_shift_l                              0x60002665   Thumb Code     0  llshl.o(.text)
    __aeabi_llsr                             0x60002683   Thumb Code    32  llushr.o(.text)
    _ll_ushift_r                             0x60002683   Thumb Code     0  llushr.o(.text)
    __scatterload                            0x600026a5   Thumb Code    28  init.o(.text)
    __scatterload_rt2                        0x600026a5   Thumb Code     0  init.o(.text)
    BOARD_BootClockRUN                       0x600026c9   Thumb Code   598  clock_config.o(i.BOARD_BootClockRUN)
    BOARD_ConfigMPU                          0x600029bd   Thumb Code   390  board.o(i.BOARD_ConfigMPU)
    BOARD_DebugConsoleSrcFreq                0x60002b71   Thumb Code    92  board.o(i.BOARD_DebugConsoleSrcFreq)
    BOARD_InitDebugConsole                   0x60002be9   Thumb Code    24  board.o(i.BOARD_InitDebugConsole)
    BOARD_InitPins                           0x60002c05   Thumb Code   154  pin_mux.o(i.BOARD_InitPins)
    CLOCK_GetPllFreq                         0x60002e79   Thumb Code   530  fsl_clock.o(i.CLOCK_GetPllFreq)
    CLOCK_InitArmPll                         0x600030a5   Thumb Code    82  fsl_clock.o(i.CLOCK_InitArmPll)
    CLOCK_InitSysPll                         0x600030fd   Thumb Code    82  fsl_clock.o(i.CLOCK_InitSysPll)
    DbgConsole_Init                          0x60003375   Thumb Code    42  fsl_debug_console.o(i.DbgConsole_Init)
    DbgConsole_Printf                        0x6000340d   Thumb Code    60  fsl_debug_console.o(i.DbgConsole_Printf)
    GPIO_PinInit                             0x60003519   Thumb Code    92  fsl_gpio.o(i.GPIO_PinInit)
    GPIO_PinSetInterruptConfig               0x60003579   Thumb Code   138  fsl_gpio.o(i.GPIO_PinSetInterruptConfig)
    GPIO_PinWrite                            0x60003605   Thumb Code    50  fsl_gpio.o(i.GPIO_PinWrite)
    IO_Init                                  0x600036a1   Thumb Code   130  fsl_io.o(i.IO_Init)
    IO_Transfer                              0x6000376d   Thumb Code    64  fsl_io.o(i.IO_Transfer)
    LOG_Init                                 0x600037b1   Thumb Code    36  fsl_log.o(i.LOG_Init)
    LOG_Pop                                  0x600037d5   Thumb Code    34  fsl_log.o(i.LOG_Pop)
    LOG_Push                                 0x600037f9   Thumb Code    32  fsl_log.o(i.LOG_Push)
    LPUART1_DriverIRQHandler                 0x6000385d   Thumb Code    16  fsl_lpuart.o(i.LPUART1_DriverIRQHandler)
    LPUART2_DriverIRQHandler                 0x60003879   Thumb Code    16  fsl_lpuart.o(i.LPUART2_DriverIRQHandler)
    LPUART3_DriverIRQHandler                 0x60003895   Thumb Code    16  fsl_lpuart.o(i.LPUART3_DriverIRQHandler)
    LPUART4_DriverIRQHandler                 0x600038b1   Thumb Code    16  fsl_lpuart.o(i.LPUART4_DriverIRQHandler)
    LPUART5_DriverIRQHandler                 0x600038cd   Thumb Code    16  fsl_lpuart.o(i.LPUART5_DriverIRQHandler)
    LPUART6_DriverIRQHandler                 0x600038e9   Thumb Code    16  fsl_lpuart.o(i.LPUART6_DriverIRQHandler)
    LPUART7_DriverIRQHandler                 0x60003905   Thumb Code    16  fsl_lpuart.o(i.LPUART7_DriverIRQHandler)
    LPUART8_DriverIRQHandler                 0x60003921   Thumb Code    16  fsl_lpuart.o(i.LPUART8_DriverIRQHandler)
    LPUART_ClearStatusFlags                  0x6000393d   Thumb Code    82  fsl_lpuart.o(i.LPUART_ClearStatusFlags)
    LPUART_GetDefaultConfig                  0x60003995   Thumb Code    58  fsl_lpuart.o(i.LPUART_GetDefaultConfig)
    LPUART_GetInstance                       0x60003a0d   Thumb Code    48  fsl_lpuart.o(i.LPUART_GetInstance)
    LPUART_GetStatusFlags                    0x60003a9d   Thumb Code    16  fsl_lpuart.o(i.LPUART_GetStatusFlags)
    LPUART_Init                              0x60003aad   Thumb Code   548  fsl_lpuart.o(i.LPUART_Init)
    LPUART_ReadBlocking                      0x60003dad   Thumb Code   204  fsl_lpuart.o(i.LPUART_ReadBlocking)
    LPUART_WriteBlocking                     0x60003eb5   Thumb Code    54  fsl_lpuart.o(i.LPUART_WriteBlocking)
    StrFormatPrintf                          0x600041f9   Thumb Code   558  fsl_str.o(i.StrFormatPrintf)
    SysTick_Handler                          0x60004429   Thumb Code    12  gpio_led_output.o(i.SysTick_Handler)
    SystemInit                               0x60004439   Thumb Code   182  system_mimxrt1052.o(i.SystemInit)
    SystemInitHook                           0x60004505   Thumb Code     2  system_mimxrt1052.o(i.SystemInitHook)
    __aeabi_assert                           0x60004509   Thumb Code    24  fsl_assert.o(i.__aeabi_assert)
    __scatterload_copy                       0x6000454d   Thumb Code    14  handlers.o(i.__scatterload_copy)
    __scatterload_null                       0x6000455b   Thumb Code     2  handlers.o(i.__scatterload_null)
    __scatterload_zeroinit                   0x6000455d   Thumb Code    14  handlers.o(i.__scatterload_zeroinit)
    delay                                    0x6000456d   Thumb Code    28  gpio_led_output.o(i.delay)
    main                                     0x6000458d   Thumb Code   172  gpio_led_output.o(i.main)
    armPllConfig_BOARD_BootClockRUN          0x6000468c   Data           8  clock_config.o(.constdata)
    sysPllConfig_BOARD_BootClockRUN          0x60004694   Data          16  clock_config.o(.constdata)
    usb1PllConfig_BOARD_BootClockRUN         0x600046a4   Data           2  clock_config.o(.constdata)
    Region$$Table$$Base                      0x60004724   Number         0  anon$$obj.o(Region$$Table)
    Region$$Table$$Limit                     0x60004744   Number         0  anon$$obj.o(Region$$Table)



==============================================================================

Memory Map of the image

  Image Entry point : 0x60002401

  Load Region LR_m_rom_config (Base: 0x60000000, Size: 0x00000200, Max: 0x00001000, ABSOLUTE)

    Execution Region RW_m_config_text (Exec base: 0x60000000, Load base: 0x60000000, Size: 0x00000200, Max: 0x00001000, ABSOLUTE)

    Exec Addr    Load Addr    Size         Type   Attr      Idx    E Section Name        Object

    0x60000000   0x60000000   0x00000200   Data   RO         1217    .boot_hdr.conf      evkbimxrt1050_flexspi_nor_config.o



  Load Region LR_m_rom_ivt (Base: 0x60001000, Size: 0x00000460, Max: 0x00001000, ABSOLUTE)

    Execution Region RW_m_ivt_text (Exec base: 0x60001000, Load base: 0x60001000, Size: 0x00000460, Max: 0x00001000, ABSOLUTE)

    Exec Addr    Load Addr    Size         Type   Attr      Idx    E Section Name        Object

    0x60001000   0x60001000   0x00000020   Data   RO         1254    .boot_hdr.ivt       fsl_flexspi_nor_boot.o
    0x60001020   0x60001020   0x00000010   Data   RO         1253    .boot_hdr.boot_data  fsl_flexspi_nor_boot.o
    0x60001030   0x60001030   0x00000430   Data   RO         1238    .boot_hdr.dcd_data  evkbimxrt1050_sdram_ini_dcd.o



  Load Region LR_m_text (Base: 0x60002000, Size: 0x00002768, Max: 0x63fffc00, ABSOLUTE)

    Execution Region RW_m_data (Exec base: 0x20000000, Load base: 0x60004744, Size: 0x00000048, Max: 0x0001f800, ABSOLUTE)

    Exec Addr    Load Addr    Size         Type   Attr      Idx    E Section Name        Object

    0x20000000   0x60004744   0x0000000c   Data   RW           11    .data               gpio_led_output.o
    0x2000000c   0x60004750   0x00000008   Data   RW          336    .data               fsl_clock.o
    0x20000014   0x60004758   0x00000004   Data   RW          652    .data               fsl_lpuart.o
    0x20000018   0x6000475c   0x00000004   Data   RW          867    .data               system_mimxrt1052.o
    0x2000001c   0x60004760   0x00000008   Data   RW          927    .data               fsl_io.o
    0x20000024        -       0x00000024   Zero   RW          650    .bss                fsl_lpuart.o


    Execution Region ARM_LIB_HEAP (Exec base: 0x20000048, Load base: 0x60004768, Size: 0x00000400, Max: 0x00000400, ABSOLUTE)

    Exec Addr    Load Addr    Size         Type   Attr      Idx    E Section Name        Object

    0x20000048        -       0x00000400   Zero   RW            1    ARM_LIB_HEAP.bss    anon$$obj.o


    Execution Region ARM_LIB_STACK (Exec base: 0x2001fc00, Load base: 0x60004768, Size: 0x00000400, Max: 0x00000400, ABSOLUTE)

    Exec Addr    Load Addr    Size         Type   Attr      Idx    E Section Name        Object

    0x2001fc00        -       0x00000400   Zero   RW            2    ARM_LIB_STACK.bss   anon$$obj.o


    Execution Region VECTOR_ROM (Exec base: 0x60002000, Load base: 0x60002000, Size: 0x00000400, Max: 0x00000400, ABSOLUTE)

    Exec Addr    Load Addr    Size         Type   Attr      Idx    E Section Name        Object

    0x60002000   0x60002000   0x00000400   Data   RO          915    RESET               startup_mimxrt1052.o


    Execution Region ER_m_text (Exec base: 0x60002400, Load base: 0x60002400, Size: 0x00002344, Max: 0x03ffdc00, ABSOLUTE)

    Exec Addr    Load Addr    Size         Type   Attr      Idx    E Section Name        Object

    0x60002400   0x60002400   0x00000000   Code   RO         1283  * .ARM.Collect$$$$00000000  mc_w.l(entry.o)
    0x60002400   0x60002400   0x00000004   Code   RO         1320    .ARM.Collect$$$$00000003  mc_w.l(entry4.o)
    0x60002404   0x60002404   0x00000004   Code   RO         1323    .ARM.Collect$$$$00000004  mc_w.l(entry5.o)
    0x60002408   0x60002408   0x00000000   Code   RO         1325    .ARM.Collect$$$$00000008  mc_w.l(entry7b.o)
    0x60002408   0x60002408   0x00000000   Code   RO         1327    .ARM.Collect$$$$0000000A  mc_w.l(entry8b.o)
    0x60002408   0x60002408   0x00000008   Code   RO         1328    .ARM.Collect$$$$0000000B  mc_w.l(entry9a.o)
    0x60002410   0x60002410   0x00000000   Code   RO         1330    .ARM.Collect$$$$0000000D  mc_w.l(entry10a.o)
    0x60002410   0x60002410   0x00000000   Code   RO         1332    .ARM.Collect$$$$0000000F  mc_w.l(entry11a.o)
    0x60002410   0x60002410   0x00000004   Code   RO         1321    .ARM.Collect$$$$00002714  mc_w.l(entry4.o)
    0x60002414   0x60002414   0x000001bc   Code   RO          916    .text               startup_mimxrt1052.o
    0x600025d0   0x600025d0   0x00000062   Code   RO         1286    .text               mc_w.l(uldiv.o)
    0x60002632   0x60002632   0x00000024   Code   RO         1288    .text               mc_w.l(memseta.o)
    0x60002656   0x60002656   0x0000000e   Code   RO         1290    .text               mc_w.l(strlen.o)
    0x60002664   0x60002664   0x0000001e   Code   RO         1334    .text               mc_w.l(llshl.o)
    0x60002682   0x60002682   0x00000020   Code   RO         1336    .text               mc_w.l(llushr.o)
    0x600026a2   0x600026a2   0x00000002   PAD
    0x600026a4   0x600026a4   0x00000024   Code   RO         1344    .text               mc_w.l(init.o)
    0x600026c8   0x600026c8   0x000002f4   Code   RO          249    i.BOARD_BootClockRUN  clock_config.o
    0x600029bc   0x600029bc   0x000001b4   Code   RO          178    i.BOARD_ConfigMPU   board.o
    0x60002b70   0x60002b70   0x00000078   Code   RO          179    i.BOARD_DebugConsoleSrcFreq  board.o
    0x60002be8   0x60002be8   0x0000001c   Code   RO          180    i.BOARD_InitDebugConsole  board.o
    0x60002c04   0x60002c04   0x000000a4   Code   RO          123    i.BOARD_InitPins    pin_mux.o
    0x60002ca8   0x60002ca8   0x00000080   Code   RO          614    i.CLOCK_ControlGate  fsl_lpuart.o
    0x60002d28   0x60002d28   0x00000088   Code   RO          124    i.CLOCK_EnableClock  pin_mux.o
    0x60002db0   0x60002db0   0x00000088   Code   RO          563    i.CLOCK_EnableClock  fsl_gpio.o
    0x60002e38   0x60002e38   0x00000020   Code   RO          181    i.CLOCK_GetDiv      board.o
    0x60002e58   0x60002e58   0x00000020   Code   RO          318    i.CLOCK_GetOscFreq  fsl_clock.o
    0x60002e78   0x60002e78   0x0000022c   Code   RO          320    i.CLOCK_GetPllFreq  fsl_clock.o
    0x600030a4   0x600030a4   0x00000058   Code   RO          323    i.CLOCK_InitArmPll  fsl_clock.o
    0x600030fc   0x600030fc   0x00000058   Code   RO          329    i.CLOCK_InitSysPll  fsl_clock.o
    0x60003154   0x60003154   0x000000bc   Code   RO          251    i.CLOCK_SetDiv      clock_config.o
    0x60003210   0x60003210   0x000000bc   Code   RO          252    i.CLOCK_SetMux      clock_config.o
    0x600032cc   0x600032cc   0x000000a8   Code   RO         1047    i.ConvertRadixNumToString  fsl_str.o
    0x60003374   0x60003374   0x00000098   Code   RO         1130    i.DbgConsole_Init   fsl_debug_console.o
    0x6000340c   0x6000340c   0x00000040   Code   RO         1131    i.DbgConsole_Printf  fsl_debug_console.o
    0x6000344c   0x6000344c   0x0000003e   Code   RO         1133    i.DbgConsole_RelocateLog  fsl_debug_console.o
    0x6000348a   0x6000348a   0x00000002   PAD
    0x6000348c   0x6000348c   0x0000008c   Code   RO          564    i.GPIO_GetInstance  fsl_gpio.o
    0x60003518   0x60003518   0x00000060   Code   RO          565    i.GPIO_PinInit      fsl_gpio.o
    0x60003578   0x60003578   0x0000008a   Code   RO          566    i.GPIO_PinSetInterruptConfig  fsl_gpio.o
    0x60003602   0x60003602   0x00000002   PAD
    0x60003604   0x60003604   0x00000074   Code   RO          567    i.GPIO_PinWrite     fsl_gpio.o
    0x60003678   0x60003678   0x0000000c   Code   RO          125    i.IOMUXC_SetPinConfig  pin_mux.o
    0x60003684   0x60003684   0x0000001a   Code   RO          126    i.IOMUXC_SetPinMux  pin_mux.o
    0x6000369e   0x6000369e   0x00000002   PAD
    0x600036a0   0x600036a0   0x000000cc   Code   RO          924    i.IO_Init           fsl_io.o
    0x6000376c   0x6000376c   0x00000044   Code   RO          925    i.IO_Transfer       fsl_io.o
    0x600037b0   0x600037b0   0x00000024   Code   RO          977    i.LOG_Init          fsl_log.o
    0x600037d4   0x600037d4   0x00000022   Code   RO          978    i.LOG_Pop           fsl_log.o
    0x600037f6   0x600037f6   0x00000002   PAD
    0x600037f8   0x600037f8   0x00000064   Code   RO          979    i.LOG_Push          fsl_log.o
    0x6000385c   0x6000385c   0x0000001c   Code   RO          615    i.LPUART1_DriverIRQHandler  fsl_lpuart.o
    0x60003878   0x60003878   0x0000001c   Code   RO          616    i.LPUART2_DriverIRQHandler  fsl_lpuart.o
    0x60003894   0x60003894   0x0000001c   Code   RO          617    i.LPUART3_DriverIRQHandler  fsl_lpuart.o
    0x600038b0   0x600038b0   0x0000001c   Code   RO          618    i.LPUART4_DriverIRQHandler  fsl_lpuart.o
    0x600038cc   0x600038cc   0x0000001c   Code   RO          619    i.LPUART5_DriverIRQHandler  fsl_lpuart.o
    0x600038e8   0x600038e8   0x0000001c   Code   RO          620    i.LPUART6_DriverIRQHandler  fsl_lpuart.o
    0x60003904   0x60003904   0x0000001c   Code   RO          621    i.LPUART7_DriverIRQHandler  fsl_lpuart.o
    0x60003920   0x60003920   0x0000001c   Code   RO          622    i.LPUART8_DriverIRQHandler  fsl_lpuart.o
    0x6000393c   0x6000393c   0x00000058   Code   RO          623    i.LPUART_ClearStatusFlags  fsl_lpuart.o
    0x60003994   0x60003994   0x00000078   Code   RO          627    i.LPUART_GetDefaultConfig  fsl_lpuart.o
    0x60003a0c   0x60003a0c   0x00000090   Code   RO          629    i.LPUART_GetInstance  fsl_lpuart.o
    0x60003a9c   0x60003a9c   0x00000010   Code   RO          630    i.LPUART_GetStatusFlags  fsl_lpuart.o
    0x60003aac   0x60003aac   0x00000300   Code   RO          631    i.LPUART_Init       fsl_lpuart.o
    0x60003dac   0x60003dac   0x00000108   Code   RO          632    i.LPUART_ReadBlocking  fsl_lpuart.o
    0x60003eb4   0x60003eb4   0x00000074   Code   RO          648    i.LPUART_WriteBlocking  fsl_lpuart.o
    0x60003f28   0x60003f28   0x000000a0   Code   RO          182    i.SCB_DisableDCache  board.o
    0x60003fc8   0x60003fc8   0x0000009c   Code   RO          183    i.SCB_EnableDCache  board.o
    0x60004064   0x60004064   0x0000009c   Code   RO          862    i.SCB_EnableDCache  system_mimxrt1052.o
    0x60004100   0x60004100   0x0000007c   Code   RO          184    i.SCB_EnableICache  board.o
    0x6000417c   0x6000417c   0x0000007c   Code   RO          863    i.SCB_EnableICache  system_mimxrt1052.o
    0x600041f8   0x600041f8   0x0000022e   Code   RO         1049    i.StrFormatPrintf   fsl_str.o
    0x60004426   0x60004426   0x00000002   PAD
    0x60004428   0x60004428   0x00000010   Code   RO            6    i.SysTick_Handler   gpio_led_output.o
    0x60004438   0x60004438   0x000000cc   Code   RO          865    i.SystemInit        system_mimxrt1052.o
    0x60004504   0x60004504   0x00000002   Code   RO          866    i.SystemInitHook    system_mimxrt1052.o
    0x60004506   0x60004506   0x00000002   PAD
    0x60004508   0x60004508   0x00000044   Code   RO         1103    i.__aeabi_assert    fsl_assert.o
    0x6000454c   0x6000454c   0x0000000e   Code   RO         1348    i.__scatterload_copy  mc_w.l(handlers.o)
    0x6000455a   0x6000455a   0x00000002   Code   RO         1349    i.__scatterload_null  mc_w.l(handlers.o)
    0x6000455c   0x6000455c   0x0000000e   Code   RO         1350    i.__scatterload_zeroinit  mc_w.l(handlers.o)
    0x6000456a   0x6000456a   0x00000002   PAD
    0x6000456c   0x6000456c   0x00000020   Code   RO            7    i.delay             gpio_led_output.o
    0x6000458c   0x6000458c   0x000000fc   Code   RO            8    i.main              gpio_led_output.o
    0x60004688   0x60004688   0x00000003   Data   RO           10    .constdata          gpio_led_output.o
    0x6000468b   0x6000468b   0x00000001   PAD
    0x6000468c   0x6000468c   0x0000001a   Data   RO          253    .constdata          clock_config.o
    0x600046a6   0x600046a6   0x00000002   PAD
    0x600046a8   0x600046a8   0x00000010   Data   RO          335    .constdata          fsl_clock.o
    0x600046b8   0x600046b8   0x00000024   Data   RO          568    .constdata          fsl_gpio.o
    0x600046dc   0x600046dc   0x00000048   Data   RO          651    .constdata          fsl_lpuart.o
    0x60004724   0x60004724   0x00000020   Data   RO         1346    Region$$Table       anon$$obj.o


==============================================================================

Image component sizes


      Code (inc. data)   RO Data    RW Data    ZI Data      Debug   Object Name

      1056        108          0          0          0      52417   board.o
      1132        334         26          0          0      13339   clock_config.o
         0          0        512          0          0       6544   evkbimxrt1050_flexspi_nor_config.o
         0          0       1072          0          0        695   evkbimxrt1050_sdram_ini_dcd.o
        68         44          0          0          0        709   fsl_assert.o
       764         50         16          8          0      14352   fsl_clock.o
       278        114          0          0          0       3126   fsl_debug_console.o
         0          0         48          0          0       2394   fsl_flexspi_nor_boot.o
       626        236         36          0          0       6440   fsl_gpio.o
       272         78          0          8          0       7572   fsl_io.o
       170         68          0          0          0       3584   fsl_log.o
      1868        670         72          4         36      31747   fsl_lpuart.o
       726          0          0          0          0       3890   fsl_str.o
       300         88          3         12          0    1398380   gpio_led_output.o
       338         78          0          0          0      81624   pin_mux.o
       444        210       1024          0          0       3192   startup_mimxrt1052.o
       486         38          0          4          0      37395   system_mimxrt1052.o

    ----------------------------------------------------------------------
      8540       2116       2844         36       2084    1667400   Object Totals
         0          0         32          0       2048          0   (incl. Generated)
        12          0          3          0          0          0   (incl. Padding)

    ----------------------------------------------------------------------

      Code (inc. data)   RO Data    RW Data    ZI Data      Debug   Library Member Name

         0          0          0          0          0          0   entry.o
         0          0          0          0          0          0   entry10a.o
         0          0          0          0          0          0   entry11a.o
         8          4          0          0          0          0   entry4.o
         4          0          0          0          0          0   entry5.o
         0          0          0          0          0          0   entry7b.o
         0          0          0          0          0          0   entry8b.o
         8          4          0          0          0          0   entry9a.o
        30          0          0          0          0          0   handlers.o
        36          8          0          0          0         68   init.o
        30          0          0          0          0         68   llshl.o
        32          0          0          0          0         68   llushr.o
        36          0          0          0          0        108   memseta.o
        14          0          0          0          0         68   strlen.o
        98          0          0          0          0         92   uldiv.o

    ----------------------------------------------------------------------
       300         16          0          0          0        472   Library Totals
         4          0          0          0          0          0   (incl. Padding)

    ----------------------------------------------------------------------

      Code (inc. data)   RO Data    RW Data    ZI Data      Debug   Library Name

       296         16          0          0          0        472   mc_w.l

    ----------------------------------------------------------------------
       300         16          0          0          0        472   Library Totals

    ----------------------------------------------------------------------

==============================================================================


      Code (inc. data)   RO Data    RW Data    ZI Data      Debug   

      8840       2132       2844         36       2084    1662772   Grand Totals
      8840       2132       2844         36       2084    1662772   ELF Image Totals
      8840       2132       2844         36          0          0   ROM Totals

==============================================================================

    Total RO  Size (Code + RO Data)                11684 (  11.41kB)
    Total RW  Size (RW Data + ZI Data)              2120 (   2.07kB)
    Total ROM Size (Code + RO Data + RW Data)      11720 (  11.45kB)

==============================================================================

